Archive member included to satisfy reference by file (symbol)

c:/st/stm32cubeide_1.5.1/stm32cubeide/plugins/com.st.stm32cube.ide.mcu.externaltools.gnu-tools-for-stm32.7-2018-q2-update.win32_1.5.0.202011040924/tools/bin/../lib/gcc/arm-none-eabi/7.3.1/../../../../arm-none-eabi/lib/thumb/v7e-m/fpv4-sp/hard\libc_nano.a(lib_a-errno.o)
                              Core/Src/syscalls.o (__errno)
c:/st/stm32cubeide_1.5.1/stm32cubeide/plugins/com.st.stm32cube.ide.mcu.externaltools.gnu-tools-for-stm32.7-2018-q2-update.win32_1.5.0.202011040924/tools/bin/../lib/gcc/arm-none-eabi/7.3.1/../../../../arm-none-eabi/lib/thumb/v7e-m/fpv4-sp/hard\libc_nano.a(lib_a-exit.o)
                              c:/st/stm32cubeide_1.5.1/stm32cubeide/plugins/com.st.stm32cube.ide.mcu.externaltools.gnu-tools-for-stm32.7-2018-q2-update.win32_1.5.0.202011040924/tools/bin/../lib/gcc/arm-none-eabi/7.3.1/../../../../arm-none-eabi/lib/thumb/v7e-m/fpv4-sp/hard/crt0.o (exit)
c:/st/stm32cubeide_1.5.1/stm32cubeide/plugins/com.st.stm32cube.ide.mcu.externaltools.gnu-tools-for-stm32.7-2018-q2-update.win32_1.5.0.202011040924/tools/bin/../lib/gcc/arm-none-eabi/7.3.1/../../../../arm-none-eabi/lib/thumb/v7e-m/fpv4-sp/hard\libc_nano.a(lib_a-impure.o)
                              c:/st/stm32cubeide_1.5.1/stm32cubeide/plugins/com.st.stm32cube.ide.mcu.externaltools.gnu-tools-for-stm32.7-2018-q2-update.win32_1.5.0.202011040924/tools/bin/../lib/gcc/arm-none-eabi/7.3.1/../../../../arm-none-eabi/lib/thumb/v7e-m/fpv4-sp/hard\libc_nano.a(lib_a-exit.o) (_global_impure_ptr)
c:/st/stm32cubeide_1.5.1/stm32cubeide/plugins/com.st.stm32cube.ide.mcu.externaltools.gnu-tools-for-stm32.7-2018-q2-update.win32_1.5.0.202011040924/tools/bin/../lib/gcc/arm-none-eabi/7.3.1/../../../../arm-none-eabi/lib/thumb/v7e-m/fpv4-sp/hard\libc_nano.a(lib_a-init.o)
                              c:/st/stm32cubeide_1.5.1/stm32cubeide/plugins/com.st.stm32cube.ide.mcu.externaltools.gnu-tools-for-stm32.7-2018-q2-update.win32_1.5.0.202011040924/tools/bin/../lib/gcc/arm-none-eabi/7.3.1/../../../../arm-none-eabi/lib/thumb/v7e-m/fpv4-sp/hard/crt0.o (__libc_init_array)
c:/st/stm32cubeide_1.5.1/stm32cubeide/plugins/com.st.stm32cube.ide.mcu.externaltools.gnu-tools-for-stm32.7-2018-q2-update.win32_1.5.0.202011040924/tools/bin/../lib/gcc/arm-none-eabi/7.3.1/../../../../arm-none-eabi/lib/thumb/v7e-m/fpv4-sp/hard\libc_nano.a(lib_a-memset.o)
                              c:/st/stm32cubeide_1.5.1/stm32cubeide/plugins/com.st.stm32cube.ide.mcu.externaltools.gnu-tools-for-stm32.7-2018-q2-update.win32_1.5.0.202011040924/tools/bin/../lib/gcc/arm-none-eabi/7.3.1/../../../../arm-none-eabi/lib/thumb/v7e-m/fpv4-sp/hard/crt0.o (memset)

Allocating common symbols
Common symbol       size              file

hi2c1               0x4c              Core/Src/main.o
uwTick              0x4               Drivers/STM32L4xx_HAL_Driver/stm32l4xx_hal.o

Discarded input sections

 .text          0x0000000000000000        0x0 c:/st/stm32cubeide_1.5.1/stm32cubeide/plugins/com.st.stm32cube.ide.mcu.externaltools.gnu-tools-for-stm32.7-2018-q2-update.win32_1.5.0.202011040924/tools/bin/../lib/gcc/arm-none-eabi/7.3.1/thumb/v7e-m/fpv4-sp/hard/crti.o
 .data          0x0000000000000000        0x0 c:/st/stm32cubeide_1.5.1/stm32cubeide/plugins/com.st.stm32cube.ide.mcu.externaltools.gnu-tools-for-stm32.7-2018-q2-update.win32_1.5.0.202011040924/tools/bin/../lib/gcc/arm-none-eabi/7.3.1/thumb/v7e-m/fpv4-sp/hard/crti.o
 .bss           0x0000000000000000        0x0 c:/st/stm32cubeide_1.5.1/stm32cubeide/plugins/com.st.stm32cube.ide.mcu.externaltools.gnu-tools-for-stm32.7-2018-q2-update.win32_1.5.0.202011040924/tools/bin/../lib/gcc/arm-none-eabi/7.3.1/thumb/v7e-m/fpv4-sp/hard/crti.o
 .data          0x0000000000000000        0x4 c:/st/stm32cubeide_1.5.1/stm32cubeide/plugins/com.st.stm32cube.ide.mcu.externaltools.gnu-tools-for-stm32.7-2018-q2-update.win32_1.5.0.202011040924/tools/bin/../lib/gcc/arm-none-eabi/7.3.1/thumb/v7e-m/fpv4-sp/hard/crtbegin.o
 .text          0x0000000000000000       0x74 c:/st/stm32cubeide_1.5.1/stm32cubeide/plugins/com.st.stm32cube.ide.mcu.externaltools.gnu-tools-for-stm32.7-2018-q2-update.win32_1.5.0.202011040924/tools/bin/../lib/gcc/arm-none-eabi/7.3.1/../../../../arm-none-eabi/lib/thumb/v7e-m/fpv4-sp/hard/crt0.o
 .data          0x0000000000000000        0x0 c:/st/stm32cubeide_1.5.1/stm32cubeide/plugins/com.st.stm32cube.ide.mcu.externaltools.gnu-tools-for-stm32.7-2018-q2-update.win32_1.5.0.202011040924/tools/bin/../lib/gcc/arm-none-eabi/7.3.1/../../../../arm-none-eabi/lib/thumb/v7e-m/fpv4-sp/hard/crt0.o
 .bss           0x0000000000000000        0x0 c:/st/stm32cubeide_1.5.1/stm32cubeide/plugins/com.st.stm32cube.ide.mcu.externaltools.gnu-tools-for-stm32.7-2018-q2-update.win32_1.5.0.202011040924/tools/bin/../lib/gcc/arm-none-eabi/7.3.1/../../../../arm-none-eabi/lib/thumb/v7e-m/fpv4-sp/hard/crt0.o
[...]
Memory Configuration

Name             Origin             Length             Attributes
RAM              0x0000000020000000 0x00000000000a0000 xrw
FLASH            0x0000000008000000 0x0000000000200000 xr
*default*        0x0000000000000000 0xffffffffffffffff

Linker script and memory map

LOAD c:/st/stm32cubeide_1.5.1/stm32cubeide/plugins/com.st.stm32cube.ide.mcu.externaltools.gnu-tools-for-stm32.7-2018-q2-update.win32_1.5.0.202011040924/tools/bin/../lib/gcc/arm-none-eabi/7.3.1/thumb/v7e-m/fpv4-sp/hard/crti.o
LOAD c:/st/stm32cubeide_1.5.1/stm32cubeide/plugins/com.st.stm32cube.ide.mcu.externaltools.gnu-tools-for-stm32.7-2018-q2-update.win32_1.5.0.202011040924/tools/bin/../lib/gcc/arm-none-eabi/7.3.1/thumb/v7e-m/fpv4-sp/hard/crtbegin.o
LOAD c:/st/stm32cubeide_1.5.1/stm32cubeide/plugins/com.st.stm32cube.ide.mcu.externaltools.gnu-tools-for-stm32.7-2018-q2-update.win32_1.5.0.202011040924/tools/bin/../lib/gcc/arm-none-eabi/7.3.1/../../../../arm-none-eabi/lib/thumb/v7e-m/fpv4-sp/hard/crt0.o
LOAD Core/Src/main.o
LOAD Core/Src/stm32l4xx_hal_msp.o
LOAD Core/Src/stm32l4xx_it.o
LOAD Core/Src/syscalls.o
LOAD Core/Src/sysmem.o
LOAD Core/Src/system_stm32l4xx.o
LOAD Core/Startup/startup_stm32l4r5zitx.o
LOAD Drivers/STM32L4xx_HAL_Driver/stm32l4xx_hal.o
LOAD Drivers/STM32L4xx_HAL_Driver/stm32l4xx_hal_cortex.o
LOAD Drivers/STM32L4xx_HAL_Driver/stm32l4xx_hal_dma.o
LOAD Drivers/STM32L4xx_HAL_Driver/stm32l4xx_hal_dma_ex.o
LOAD Drivers/STM32L4xx_HAL_Driver/stm32l4xx_hal_exti.o
LOAD Drivers/STM32L4xx_HAL_Driver/stm32l4xx_hal_flash.o
LOAD Drivers/STM32L4xx_HAL_Driver/stm32l4xx_hal_flash_ex.o
LOAD Drivers/STM32L4xx_HAL_Driver/stm32l4xx_hal_flash_ramfunc.o
LOAD Drivers/STM32L4xx_HAL_Driver/stm32l4xx_hal_gpio.o
LOAD Drivers/STM32L4xx_HAL_Driver/stm32l4xx_hal_i2c.o
LOAD Drivers/STM32L4xx_HAL_Driver/stm32l4xx_hal_i2c_ex.o
LOAD Drivers/STM32L4xx_HAL_Driver/stm32l4xx_hal_pwr.o
LOAD Drivers/STM32L4xx_HAL_Driver/stm32l4xx_hal_pwr_ex.o
LOAD Drivers/STM32L4xx_HAL_Driver/stm32l4xx_hal_rcc.o
LOAD Drivers/STM32L4xx_HAL_Driver/stm32l4xx_hal_rcc_ex.o
LOAD Drivers/STM32L4xx_HAL_Driver/stm32l4xx_hal_tim.o
LOAD Drivers/STM32L4xx_HAL_Driver/stm32l4xx_hal_tim_ex.o
START GROUP
LOAD c:/st/stm32cubeide_1.5.1/stm32cubeide/plugins/com.st.stm32cube.ide.mcu.externaltools.gnu-tools-for-stm32.7-2018-q2-update.win32_1.5.0.202011040924/tools/bin/../lib/gcc/arm-none-eabi/7.3.1/../../../../arm-none-eabi/lib/thumb/v7e-m/fpv4-sp/hard\libc_nano.a
LOAD c:/st/stm32cubeide_1.5.1/stm32cubeide/plugins/com.st.stm32cube.ide.mcu.externaltools.gnu-tools-for-stm32.7-2018-q2-update.win32_1.5.0.202011040924/tools/bin/../lib/gcc/arm-none-eabi/7.3.1/../../../../arm-none-eabi/lib/thumb/v7e-m/fpv4-sp/hard\libm.a
END GROUP
START GROUP
LOAD c:/st/stm32cubeide_1.5.1/stm32cubeide/plugins/com.st.stm32cube.ide.mcu.externaltools.gnu-tools-for-stm32.7-2018-q2-update.win32_1.5.0.202011040924/tools/bin/../lib/gcc/arm-none-eabi/7.3.1/thumb/v7e-m/fpv4-sp/hard\libgcc.a
LOAD c:/st/stm32cubeide_1.5.1/stm32cubeide/plugins/com.st.stm32cube.ide.mcu.externaltools.gnu-tools-for-stm32.7-2018-q2-update.win32_1.5.0.202011040924/tools/bin/../lib/gcc/arm-none-eabi/7.3.1/../../../../arm-none-eabi/lib/thumb/v7e-m/fpv4-sp/hard\libc_nano.a
END GROUP
START GROUP
LOAD c:/st/stm32cubeide_1.5.1/stm32cubeide/plugins/com.st.stm32cube.ide.mcu.externaltools.gnu-tools-for-stm32.7-2018-q2-update.win32_1.5.0.202011040924/tools/bin/../lib/gcc/arm-none-eabi/7.3.1/thumb/v7e-m/fpv4-sp/hard\libgcc.a
LOAD c:/st/stm32cubeide_1.5.1/stm32cubeide/plugins/com.st.stm32cube.ide.mcu.externaltools.gnu-tools-for-stm32.7-2018-q2-update.win32_1.5.0.202011040924/tools/bin/../lib/gcc/arm-none-eabi/7.3.1/../../../../arm-none-eabi/lib/thumb/v7e-m/fpv4-sp/hard\libc_nano.a
LOAD c:/st/stm32cubeide_1.5.1/stm32cubeide/plugins/com.st.stm32cube.ide.mcu.externaltools.gnu-tools-for-stm32.7-2018-q2-update.win32_1.5.0.202011040924/tools/bin/../lib/gcc/arm-none-eabi/7.3.1/../../../../arm-none-eabi/lib/thumb/v7e-m/fpv4-sp/hard\libnosys.a
END GROUP
START GROUP
LOAD c:/st/stm32cubeide_1.5.1/stm32cubeide/plugins/com.st.stm32cube.ide.mcu.externaltools.gnu-tools-for-stm32.7-2018-q2-update.win32_1.5.0.202011040924/tools/bin/../lib/gcc/arm-none-eabi/7.3.1/thumb/v7e-m/fpv4-sp/hard\libgcc.a
LOAD c:/st/stm32cubeide_1.5.1/stm32cubeide/plugins/com.st.stm32cube.ide.mcu.externaltools.gnu-tools-for-stm32.7-2018-q2-update.win32_1.5.0.202011040924/tools/bin/../lib/gcc/arm-none-eabi/7.3.1/../../../../arm-none-eabi/lib/thumb/v7e-m/fpv4-sp/hard\libc_nano.a
LOAD c:/st/stm32cubeide_1.5.1/stm32cubeide/plugins/com.st.stm32cube.ide.mcu.externaltools.gnu-tools-for-stm32.7-2018-q2-update.win32_1.5.0.202011040924/tools/bin/../lib/gcc/arm-none-eabi/7.3.1/../../../../arm-none-eabi/lib/thumb/v7e-m/fpv4-sp/hard\libnosys.a
END GROUP
LOAD c:/st/stm32cubeide_1.5.1/stm32cubeide/plugins/com.st.stm32cube.ide.mcu.externaltools.gnu-tools-for-stm32.7-2018-q2-update.win32_1.5.0.202011040924/tools/bin/../lib/gcc/arm-none-eabi/7.3.1/thumb/v7e-m/fpv4-sp/hard/crtend.o
LOAD c:/st/stm32cubeide_1.5.1/stm32cubeide/plugins/com.st.stm32cube.ide.mcu.externaltools.gnu-tools-for-stm32.7-2018-q2-update.win32_1.5.0.202011040924/tools/bin/../lib/gcc/arm-none-eabi/7.3.1/thumb/v7e-m/fpv4-sp/hard/crtn.o
                0x00000000200a0000                _estack = (ORIGIN (RAM) + LENGTH (RAM))
                0x0000000000000200                _Min_Heap_Size = 0x200
                0x0000000000000400                _Min_Stack_Size = 0x400

.isr_vector     0x0000000008000000      0x1bc
                0x0000000008000000                . = ALIGN (0x4)
 *(.isr_vector)
 .isr_vector    0x0000000008000000      0x1bc Core/Startup/startup_stm32l4r5zitx.o
                0x0000000008000000                g_pfnVectors
                0x00000000080001bc                . = ALIGN (0x4)

.text           0x00000000080001bc     0x2ff4
                0x00000000080001bc                . = ALIGN (0x4)
 *(.text)
 .text          0x00000000080001bc       0x40 c:/st/stm32cubeide_1.5.1/stm32cubeide/plugins/com.st.stm32cube.ide.mcu.externaltools.gnu-tools-for-stm32.7-2018-q2-update.win32_1.5.0.202011040924/tools/bin/../lib/gcc/arm-none-eabi/7.3.1/thumb/v7e-m/fpv4-sp/hard/crtbegin.o
 *(.text*)
 .text.main     0x00000000080001fc       0xd8 Core/Src/main.o
                0x00000000080001fc                main
 .text.SystemClock_Config
                0x00000000080002d4       0xea Core/Src/main.o
                0x00000000080002d4                SystemClock_Config
 *fill*         0x00000000080003be        0x2 
 .text.MX_I2C1_Init
                0x00000000080003c0       0x80 Core/Src/main.o
 .text.MX_GPIO_Init
                0x0000000008000440       0x60 Core/Src/main.o
 .text.Error_Handler
                0x00000000080004a0        0x8 Core/Src/main.o
                0x00000000080004a0                Error_Handler
 .text.HAL_MspInit
                0x00000000080004a8       0x48 Core/Src/stm32l4xx_hal_msp.o
                0x00000000080004a8                HAL_MspInit
 .text.HAL_I2C_MspInit
                0x00000000080004f0       0x88 Core/Src/stm32l4xx_hal_msp.o
                0x00000000080004f0                HAL_I2C_MspInit
 .text.NMI_Handler
                0x0000000008000578        0x6 Core/Src/stm32l4xx_it.o
                0x0000000008000578                NMI_Handler
 .text.HardFault_Handler
                0x000000000800057e        0x6 Core/Src/stm32l4xx_it.o
                0x000000000800057e                HardFault_Handler
 .text.MemManage_Handler
                0x0000000008000584        0x6 Core/Src/stm32l4xx_it.o
                0x0000000008000584                MemManage_Handler
 .text.BusFault_Handler
                0x000000000800058a        0x6 Core/Src/stm32l4xx_it.o
                0x000000000800058a                BusFault_Handler
 .text.UsageFault_Handler
                0x0000000008000590        0x6 Core/Src/stm32l4xx_it.o
                0x0000000008000590                UsageFault_Handler
 .text.SVC_Handler
                0x0000000008000596        0xe Core/Src/stm32l4xx_it.o
                0x0000000008000596                SVC_Handler
 .text.DebugMon_Handler
                0x00000000080005a4        0xe Core/Src/stm32l4xx_it.o
                0x00000000080005a4                DebugMon_Handler
 .text.PendSV_Handler
                0x00000000080005b2        0xe Core/Src/stm32l4xx_it.o
                0x00000000080005b2                PendSV_Handler
 .text.SysTick_Handler
                0x00000000080005c0        0xc Core/Src/stm32l4xx_it.o
                0x00000000080005c0                SysTick_Handler
 .text.SystemInit
                0x00000000080005cc       0x6c Core/Src/system_stm32l4xx.o
                0x00000000080005cc                SystemInit
 .text.Reset_Handler
                0x0000000008000638       0x50 Core/Startup/startup_stm32l4r5zitx.o
                0x0000000008000638                Reset_Handler
 .text.Default_Handler
                0x0000000008000688        0x2 Core/Startup/startup_stm32l4r5zitx.o
                0x0000000008000688                RTC_Alarm_IRQHandler
                0x0000000008000688                EXTI2_IRQHandler
                0x0000000008000688                TIM8_TRG_COM_IRQHandler
                0x0000000008000688                TIM8_CC_IRQHandler
                0x0000000008000688                TIM1_CC_IRQHandler
                0x0000000008000688                TSC_IRQHandler
                0x0000000008000688                TAMP_STAMP_IRQHandler
                0x0000000008000688                EXTI3_IRQHandler
                0x0000000008000688                LPTIM2_IRQHandler
                0x0000000008000688                DFSDM1_FLT1_IRQHandler
                0x0000000008000688                GFXMMU_IRQHandler
                0x0000000008000688                I2C3_ER_IRQHandler
                0x0000000008000688                DFSDM1_FLT2_IRQHandler
                0x0000000008000688                EXTI0_IRQHandler
                0x0000000008000688                I2C2_EV_IRQHandler
                0x0000000008000688                CAN1_RX0_IRQHandler
                0x0000000008000688                FPU_IRQHandler
                0x0000000008000688                TIM1_UP_TIM16_IRQHandler
                0x0000000008000688                LTDC_ER_IRQHandler
                0x0000000008000688                SPI1_IRQHandler
                0x0000000008000688                OCTOSPI1_IRQHandler
                0x0000000008000688                TIM6_DAC_IRQHandler
                0x0000000008000688                DCMI_IRQHandler
                0x0000000008000688                TIM8_UP_IRQHandler
                0x0000000008000688                OCTOSPI2_IRQHandler
                0x0000000008000688                DMA2_Channel2_IRQHandler
                0x0000000008000688                DMA1_Channel4_IRQHandler
                0x0000000008000688                SAI2_IRQHandler
                0x0000000008000688                ADC1_IRQHandler
                0x0000000008000688                DFSDM1_FLT3_IRQHandler
                0x0000000008000688                USART3_IRQHandler
                0x0000000008000688                DMA1_Channel7_IRQHandler
                0x0000000008000688                CAN1_RX1_IRQHandler
                0x0000000008000688                UART5_IRQHandler
                0x0000000008000688                TIM4_IRQHandler
                0x0000000008000688                DMA2_Channel1_IRQHandler
                0x0000000008000688                I2C1_EV_IRQHandler
                0x0000000008000688                DMAMUX1_OVR_IRQHandler
                0x0000000008000688                DMA1_Channel6_IRQHandler
                0x0000000008000688                UART4_IRQHandler
                0x0000000008000688                DMA2_Channel4_IRQHandler
                0x0000000008000688                TIM3_IRQHandler
                0x0000000008000688                RCC_IRQHandler
                0x0000000008000688                DMA1_Channel1_IRQHandler
                0x0000000008000688                Default_Handler
                0x0000000008000688                DMA2_Channel7_IRQHandler
                0x0000000008000688                EXTI15_10_IRQHandler
                0x0000000008000688                TIM7_IRQHandler
                0x0000000008000688                SDMMC1_IRQHandler
                0x0000000008000688                TIM5_IRQHandler
                0x0000000008000688                I2C3_EV_IRQHandler
                0x0000000008000688                EXTI9_5_IRQHandler
                0x0000000008000688                RTC_WKUP_IRQHandler
                0x0000000008000688                LTDC_IRQHandler
                0x0000000008000688                PVD_PVM_IRQHandler
                0x0000000008000688                SPI2_IRQHandler
                0x0000000008000688                CAN1_TX_IRQHandler
                0x0000000008000688                DMA2_Channel5_IRQHandler
                0x0000000008000688                CRS_IRQHandler
                0x0000000008000688                DMA1_Channel5_IRQHandler
                0x0000000008000688                EXTI4_IRQHandler
                0x0000000008000688                RNG_IRQHandler
                0x0000000008000688                TIM1_TRG_COM_TIM17_IRQHandler
                0x0000000008000688                DMA1_Channel3_IRQHandler
                0x0000000008000688                COMP_IRQHandler
                0x0000000008000688                WWDG_IRQHandler
                0x0000000008000688                I2C4_EV_IRQHandler
                0x0000000008000688                LPUART1_IRQHandler
                0x0000000008000688                DMA2_Channel6_IRQHandler
                0x0000000008000688                TIM2_IRQHandler
                0x0000000008000688                DMA2D_IRQHandler
                0x0000000008000688                EXTI1_IRQHandler
                0x0000000008000688                USART2_IRQHandler
                0x0000000008000688                DFSDM1_FLT0_IRQHandler
                0x0000000008000688                I2C2_ER_IRQHandler
                0x0000000008000688                DMA1_Channel2_IRQHandler
                0x0000000008000688                TIM8_BRK_IRQHandler
                0x0000000008000688                CAN1_SCE_IRQHandler
                0x0000000008000688                FLASH_IRQHandler
                0x0000000008000688                USART1_IRQHandler
                0x0000000008000688                OTG_FS_IRQHandler
                0x0000000008000688                SPI3_IRQHandler
                0x0000000008000688                I2C1_ER_IRQHandler
                0x0000000008000688                FMC_IRQHandler
                0x0000000008000688                LPTIM1_IRQHandler
                0x0000000008000688                I2C4_ER_IRQHandler
                0x0000000008000688                SAI1_IRQHandler
                0x0000000008000688                DMA2_Channel3_IRQHandler
                0x0000000008000688                TIM1_BRK_TIM15_IRQHandler
 .text.HAL_Init
                0x000000000800068a       0x30 Drivers/STM32L4xx_HAL_Driver/stm32l4xx_hal.o
                0x000000000800068a                HAL_Init
 *fill*         0x00000000080006ba        0x2 
 .text.HAL_InitTick
                0x00000000080006bc       0x74 Drivers/STM32L4xx_HAL_Driver/stm32l4xx_hal.o
                0x00000000080006bc                HAL_InitTick
 .text.HAL_IncTick
                0x0000000008000730       0x24 Drivers/STM32L4xx_HAL_Driver/stm32l4xx_hal.o
                0x0000000008000730                HAL_IncTick
 .text.HAL_GetTick
                0x0000000008000754       0x18 Drivers/STM32L4xx_HAL_Driver/stm32l4xx_hal.o
                0x0000000008000754                HAL_GetTick
 .text.__NVIC_SetPriorityGrouping
                0x000000000800076c       0x48 Drivers/STM32L4xx_HAL_Driver/stm32l4xx_hal_cortex.o
 .text.__NVIC_GetPriorityGrouping
                0x00000000080007b4       0x1c Drivers/STM32L4xx_HAL_Driver/stm32l4xx_hal_cortex.o
 .text.__NVIC_SetPriority
                0x00000000080007d0       0x54 Drivers/STM32L4xx_HAL_Driver/stm32l4xx_hal_cortex.o
 .text.NVIC_EncodePriority
                0x0000000008000824       0x66 Drivers/STM32L4xx_HAL_Driver/stm32l4xx_hal_cortex.o
 *fill*         0x000000000800088a        0x2 
 .text.SysTick_Config
                0x000000000800088c       0x44 Drivers/STM32L4xx_HAL_Driver/stm32l4xx_hal_cortex.o
 .text.HAL_NVIC_SetPriorityGrouping
                0x00000000080008d0       0x16 Drivers/STM32L4xx_HAL_Driver/stm32l4xx_hal_cortex.o
                0x00000000080008d0                HAL_NVIC_SetPriorityGrouping
 .text.HAL_NVIC_SetPriority
                0x00000000080008e6       0x38 Drivers/STM32L4xx_HAL_Driver/stm32l4xx_hal_cortex.o
                0x00000000080008e6                HAL_NVIC_SetPriority
 .text.HAL_SYSTICK_Config
                0x000000000800091e       0x18 Drivers/STM32L4xx_HAL_Driver/stm32l4xx_hal_cortex.o
                0x000000000800091e                HAL_SYSTICK_Config
 *fill*         0x0000000008000936        0x2 
 .text.HAL_GPIO_Init
                0x0000000008000938      0x324 Drivers/STM32L4xx_HAL_Driver/stm32l4xx_hal_gpio.o
                0x0000000008000938                HAL_GPIO_Init
 .text.HAL_I2C_Init
                0x0000000008000c5c      0x11e Drivers/STM32L4xx_HAL_Driver/stm32l4xx_hal_i2c.o
                0x0000000008000c5c                HAL_I2C_Init
 *fill*         0x0000000008000d7a        0x2 
 .text.HAL_I2C_Master_Transmit
                0x0000000008000d7c      0x1e8 Drivers/STM32L4xx_HAL_Driver/stm32l4xx_hal_i2c.o
                0x0000000008000d7c                HAL_I2C_Master_Transmit
 .text.HAL_I2C_Master_Receive
                0x0000000008000f64      0x1ec Drivers/STM32L4xx_HAL_Driver/stm32l4xx_hal_i2c.o
                0x0000000008000f64                HAL_I2C_Master_Receive
 .text.HAL_I2C_IsDeviceReady
                0x0000000008001150      0x20e Drivers/STM32L4xx_HAL_Driver/stm32l4xx_hal_i2c.o
                0x0000000008001150                HAL_I2C_IsDeviceReady
 .text.HAL_I2C_GetState
                0x000000000800135e       0x1c Drivers/STM32L4xx_HAL_Driver/stm32l4xx_hal_i2c.o
                0x000000000800135e                HAL_I2C_GetState
 .text.I2C_Flush_TXDR
                0x000000000800137a       0x48 Drivers/STM32L4xx_HAL_Driver/stm32l4xx_hal_i2c.o
 .text.I2C_WaitOnFlagUntilTimeout
                0x00000000080013c2       0x80 Drivers/STM32L4xx_HAL_Driver/stm32l4xx_hal_i2c.o
 .text.I2C_WaitOnTXISFlagUntilTimeout
                0x0000000008001442       0x80 Drivers/STM32L4xx_HAL_Driver/stm32l4xx_hal_i2c.o
 .text.I2C_WaitOnSTOPFlagUntilTimeout
                0x00000000080014c2       0x78 Drivers/STM32L4xx_HAL_Driver/stm32l4xx_hal_i2c.o
 *fill*         0x000000000800153a        0x2 
 .text.I2C_WaitOnRXNEFlagUntilTimeout
                0x000000000800153c       0xd8 Drivers/STM32L4xx_HAL_Driver/stm32l4xx_hal_i2c.o
 .text.I2C_IsAcknowledgeFailed
                0x0000000008001614       0xcc Drivers/STM32L4xx_HAL_Driver/stm32l4xx_hal_i2c.o
 .text.I2C_TransferConfig
                0x00000000080016e0       0x5c Drivers/STM32L4xx_HAL_Driver/stm32l4xx_hal_i2c.o
 .text.HAL_I2CEx_ConfigAnalogFilter
                0x000000000800173c       0x96 Drivers/STM32L4xx_HAL_Driver/stm32l4xx_hal_i2c_ex.o
                0x000000000800173c                HAL_I2CEx_ConfigAnalogFilter
 .text.HAL_I2CEx_ConfigDigitalFilter
                0x00000000080017d2       0x98 Drivers/STM32L4xx_HAL_Driver/stm32l4xx_hal_i2c_ex.o
                0x00000000080017d2                HAL_I2CEx_ConfigDigitalFilter
 *fill*         0x000000000800186a        0x2 
 .text.HAL_PWREx_GetVoltageRange
                0x000000000800186c       0x40 Drivers/STM32L4xx_HAL_Driver/stm32l4xx_hal_pwr_ex.o
                0x000000000800186c                HAL_PWREx_GetVoltageRange
 .text.HAL_PWREx_ControlVoltageScaling
                0x00000000080018ac      0x148 Drivers/STM32L4xx_HAL_Driver/stm32l4xx_hal_pwr_ex.o
                0x00000000080018ac                HAL_PWREx_ControlVoltageScaling
 .text.HAL_RCC_OscConfig
                0x00000000080019f4      0x84c Drivers/STM32L4xx_HAL_Driver/stm32l4xx_hal_rcc.o
                0x00000000080019f4                HAL_RCC_OscConfig
 .text.HAL_RCC_ClockConfig
                0x0000000008002240      0x258 Drivers/STM32L4xx_HAL_Driver/stm32l4xx_hal_rcc.o
                0x0000000008002240                HAL_RCC_ClockConfig
 .text.HAL_RCC_GetSysClockFreq
                0x0000000008002498      0x114 Drivers/STM32L4xx_HAL_Driver/stm32l4xx_hal_rcc.o
                0x0000000008002498                HAL_RCC_GetSysClockFreq
 .text.RCC_SetFlashLatencyFromMSIRange
                0x00000000080025ac       0xb4 Drivers/STM32L4xx_HAL_Driver/stm32l4xx_hal_rcc.o
 .text.RCC_GetSysClockFreqFromPLLSource
                0x0000000008002660       0xd0 Drivers/STM32L4xx_HAL_Driver/stm32l4xx_hal_rcc.o
 .text.HAL_RCCEx_PeriphCLKConfig
                0x0000000008002730      0x650 Drivers/STM32L4xx_HAL_Driver/stm32l4xx_hal_rcc_ex.o
                0x0000000008002730                HAL_RCCEx_PeriphCLKConfig
 .text.RCCEx_PLLSAI1_Config
                0x0000000008002d80      0x1e0 Drivers/STM32L4xx_HAL_Driver/stm32l4xx_hal_rcc_ex.o
 .text.RCCEx_PLLSAI2_Config
                0x0000000008002f60      0x1e0 Drivers/STM32L4xx_HAL_Driver/stm32l4xx_hal_rcc_ex.o
 .text.__libc_init_array
                0x0000000008003140       0x48 c:/st/stm32cubeide_1.5.1/stm32cubeide/plugins/com.st.stm32cube.ide.mcu.externaltools.gnu-tools-for-stm32.7-2018-q2-update.win32_1.5.0.202011040924/tools/bin/../lib/gcc/arm-none-eabi/7.3.1/../../../../arm-none-eabi/lib/thumb/v7e-m/fpv4-sp/hard\libc_nano.a(lib_a-init.o)
                0x0000000008003140                __libc_init_array
 .text.memset   0x0000000008003188       0x10 c:/st/stm32cubeide_1.5.1/stm32cubeide/plugins/com.st.stm32cube.ide.mcu.externaltools.gnu-tools-for-stm32.7-2018-q2-update.win32_1.5.0.202011040924/tools/bin/../lib/gcc/arm-none-eabi/7.3.1/../../../../arm-none-eabi/lib/thumb/v7e-m/fpv4-sp/hard\libc_nano.a(lib_a-memset.o)
                0x0000000008003188                memset
 *(.glue_7)
 .glue_7        0x0000000008003198        0x0 linker stubs
 *(.glue_7t)
 .glue_7t       0x0000000008003198        0x0 linker stubs
 *(.eh_frame)
 .eh_frame      0x0000000008003198        0x0 c:/st/stm32cubeide_1.5.1/stm32cubeide/plugins/com.st.stm32cube.ide.mcu.externaltools.gnu-tools-for-stm32.7-2018-q2-update.win32_1.5.0.202011040924/tools/bin/../lib/gcc/arm-none-eabi/7.3.1/thumb/v7e-m/fpv4-sp/hard/crtbegin.o
 *(.init)
 .init          0x0000000008003198        0x4 c:/st/stm32cubeide_1.5.1/stm32cubeide/plugins/com.st.stm32cube.ide.mcu.externaltools.gnu-tools-for-stm32.7-2018-q2-update.win32_1.5.0.202011040924/tools/bin/../lib/gcc/arm-none-eabi/7.3.1/thumb/v7e-m/fpv4-sp/hard/crti.o
                0x0000000008003198                _init
 .init          0x000000000800319c        0x8 c:/st/stm32cubeide_1.5.1/stm32cubeide/plugins/com.st.stm32cube.ide.mcu.externaltools.gnu-tools-for-stm32.7-2018-q2-update.win32_1.5.0.202011040924/tools/bin/../lib/gcc/arm-none-eabi/7.3.1/thumb/v7e-m/fpv4-sp/hard/crtn.o
 *(.fini)
 .fini          0x00000000080031a4        0x4 c:/st/stm32cubeide_1.5.1/stm32cubeide/plugins/com.st.stm32cube.ide.mcu.externaltools.gnu-tools-for-stm32.7-2018-q2-update.win32_1.5.0.202011040924/tools/bin/../lib/gcc/arm-none-eabi/7.3.1/thumb/v7e-m/fpv4-sp/hard/crti.o
                0x00000000080031a4                _fini
 .fini          0x00000000080031a8        0x8 c:/st/stm32cubeide_1.5.1/stm32cubeide/plugins/com.st.stm32cube.ide.mcu.externaltools.gnu-tools-for-stm32.7-2018-q2-update.win32_1.5.0.202011040924/tools/bin/../lib/gcc/arm-none-eabi/7.3.1/thumb/v7e-m/fpv4-sp/hard/crtn.o
                0x00000000080031b0                . = ALIGN (0x4)
                0x00000000080031b0                _etext = .

.vfp11_veneer   0x00000000080031b0        0x0
 .vfp11_veneer  0x00000000080031b0        0x0 linker stubs

.v4_bx          0x00000000080031b0        0x0
 .v4_bx         0x00000000080031b0        0x0 linker stubs

.iplt           0x00000000080031b0        0x0
 .iplt          0x00000000080031b0        0x0 c:/st/stm32cubeide_1.5.1/stm32cubeide/plugins/com.st.stm32cube.ide.mcu.externaltools.gnu-tools-for-stm32.7-2018-q2-update.win32_1.5.0.202011040924/tools/bin/../lib/gcc/arm-none-eabi/7.3.1/thumb/v7e-m/fpv4-sp/hard/crtbegin.o

.rodata         0x00000000080031b0       0x40
                0x00000000080031b0                . = ALIGN (0x4)
 *(.rodata)
 *(.rodata*)
 .rodata.AHBPrescTable
                0x00000000080031b0       0x10 Core/Src/system_stm32l4xx.o
                0x00000000080031b0                AHBPrescTable
 .rodata.MSIRangeTable
                0x00000000080031c0       0x30 Core/Src/system_stm32l4xx.o
                0x00000000080031c0                MSIRangeTable
                0x00000000080031f0                . = ALIGN (0x4)

.rel.dyn        0x00000000080031f0        0x0
 .rel.iplt      0x00000000080031f0        0x0 c:/st/stm32cubeide_1.5.1/stm32cubeide/plugins/com.st.stm32cube.ide.mcu.externaltools.gnu-tools-for-stm32.7-2018-q2-update.win32_1.5.0.202011040924/tools/bin/../lib/gcc/arm-none-eabi/7.3.1/thumb/v7e-m/fpv4-sp/hard/crtbegin.o

.ARM.extab      0x00000000080031f0        0x0
                0x00000000080031f0                . = ALIGN (0x4)
 *(.ARM.extab* .gnu.linkonce.armextab.*)
                0x00000000080031f0                . = ALIGN (0x4)

.ARM            0x00000000080031f0        0x0
                0x00000000080031f0                . = ALIGN (0x4)
                0x00000000080031f0                __exidx_start = .
 *(.ARM.exidx*)
                0x00000000080031f0                __exidx_end = .
                0x00000000080031f0                . = ALIGN (0x4)

.preinit_array  0x00000000080031f0        0x0
                0x00000000080031f0                . = ALIGN (0x4)
                0x00000000080031f0                PROVIDE (__preinit_array_start = .)
 *(.preinit_array*)
                0x00000000080031f0                PROVIDE (__preinit_array_end = .)
                0x00000000080031f0                . = ALIGN (0x4)

.init_array     0x00000000080031f0        0x4
                0x00000000080031f0                . = ALIGN (0x4)
                0x00000000080031f0                PROVIDE (__init_array_start = .)
 *(SORT_BY_NAME(.init_array.*))
 *(.init_array*)
 .init_array    0x00000000080031f0        0x4 c:/st/stm32cubeide_1.5.1/stm32cubeide/plugins/com.st.stm32cube.ide.mcu.externaltools.gnu-tools-for-stm32.7-2018-q2-update.win32_1.5.0.202011040924/tools/bin/../lib/gcc/arm-none-eabi/7.3.1/thumb/v7e-m/fpv4-sp/hard/crtbegin.o
                0x00000000080031f4                PROVIDE (__init_array_end = .)
                0x00000000080031f4                . = ALIGN (0x4)

.fini_array     0x00000000080031f4        0x4
                0x00000000080031f4                . = ALIGN (0x4)
                [!provide]                        PROVIDE (__fini_array_start = .)
 *(SORT_BY_NAME(.fini_array.*))
 *(.fini_array*)
 .fini_array    0x00000000080031f4        0x4 c:/st/stm32cubeide_1.5.1/stm32cubeide/plugins/com.st.stm32cube.ide.mcu.externaltools.gnu-tools-for-stm32.7-2018-q2-update.win32_1.5.0.202011040924/tools/bin/../lib/gcc/arm-none-eabi/7.3.1/thumb/v7e-m/fpv4-sp/hard/crtbegin.o
                [!provide]                        PROVIDE (__fini_array_end = .)
                0x00000000080031f8                . = ALIGN (0x4)
                0x00000000080031f8                _sidata = LOADADDR (.data)

.data           0x0000000020000000        0xc load address 0x00000000080031f8
                0x0000000020000000                . = ALIGN (0x4)
                0x0000000020000000                _sdata = .
 *(.data)
 *(.data*)
 .data.SystemCoreClock
                0x0000000020000000        0x4 Core/Src/system_stm32l4xx.o
                0x0000000020000000                SystemCoreClock
 .data.uwTickPrio
                0x0000000020000004        0x4 Drivers/STM32L4xx_HAL_Driver/stm32l4xx_hal.o
                0x0000000020000004                uwTickPrio
 .data.uwTickFreq
                0x0000000020000008        0x4 Drivers/STM32L4xx_HAL_Driver/stm32l4xx_hal.o
                0x0000000020000008                uwTickFreq
                0x000000002000000c                . = ALIGN (0x4)
                0x000000002000000c                _edata = .

.igot.plt       0x000000002000000c        0x0 load address 0x0000000008003204
 .igot.plt      0x000000002000000c        0x0 c:/st/stm32cubeide_1.5.1/stm32cubeide/plugins/com.st.stm32cube.ide.mcu.externaltools.gnu-tools-for-stm32.7-2018-q2-update.win32_1.5.0.202011040924/tools/bin/../lib/gcc/arm-none-eabi/7.3.1/thumb/v7e-m/fpv4-sp/hard/crtbegin.o
                0x000000002000000c                . = ALIGN (0x4)

.bss            0x000000002000000c       0x6c load address 0x0000000008003204
                0x000000002000000c                _sbss = .
                0x000000002000000c                __bss_start__ = _sbss
 *(.bss)
 .bss           0x000000002000000c       0x1c c:/st/stm32cubeide_1.5.1/stm32cubeide/plugins/com.st.stm32cube.ide.mcu.externaltools.gnu-tools-for-stm32.7-2018-q2-update.win32_1.5.0.202011040924/tools/bin/../lib/gcc/arm-none-eabi/7.3.1/thumb/v7e-m/fpv4-sp/hard/crtbegin.o
 *(.bss*)
 *(COMMON)
 COMMON         0x0000000020000028       0x4c Core/Src/main.o
                0x0000000020000028                hi2c1
 COMMON         0x0000000020000074        0x4 Drivers/STM32L4xx_HAL_Driver/stm32l4xx_hal.o
                0x0000000020000074                uwTick
                0x0000000020000078                . = ALIGN (0x4)
                0x0000000020000078                _ebss = .
                0x0000000020000078                __bss_end__ = _ebss

._user_heap_stack
                0x0000000020000078      0x600 load address 0x0000000008003204
                0x0000000020000078                . = ALIGN (0x8)
                [!provide]                        PROVIDE (end = .)
                0x0000000020000078                PROVIDE (_end = .)
                0x0000000020000278                . = (. + _Min_Heap_Size)
 *fill*         0x0000000020000078      0x200 
                0x0000000020000678                . = (. + _Min_Stack_Size)
 *fill*         0x0000000020000278      0x400 
                0x0000000020000678                . = ALIGN (0x8)

/DISCARD/
 libc.a(*)
 libm.a(*)
 libgcc.a(*)

.ARM.attributes
                0x0000000000000000       0x30
 *(.ARM.attributes)
 .ARM.attributes
                0x0000000000000000       0x22 c:/st/stm32cubeide_1.5.1/stm32cubeide/plugins/com.st.stm32cube.ide.mcu.externaltools.gnu-tools-for-stm32.7-2018-q2-update.win32_1.5.0.202011040924/tools/bin/../lib/gcc/arm-none-eabi/7.3.1/thumb/v7e-m/fpv4-sp/hard/crti.o
 .ARM.attributes
                0x0000000000000022       0x34 c:/st/stm32cubeide_1.5.1/stm32cubeide/plugins/com.st.stm32cube.ide.mcu.externaltools.gnu-tools-for-stm32.7-2018-q2-update.win32_1.5.0.202011040924/tools/bin/../lib/gcc/arm-none-eabi/7.3.1/thumb/v7e-m/fpv4-sp/hard/crtbegin.o
 .ARM.attributes
                0x0000000000000056       0x39 Core/Src/main.o
 .ARM.attributes
                0x000000000000008f       0x39 Core/Src/stm32l4xx_hal_msp.o
 .ARM.attributes
                0x00000000000000c8       0x39 Core/Src/stm32l4xx_it.o
 .ARM.attributes
                0x0000000000000101       0x39 Core/Src/system_stm32l4xx.o
 .ARM.attributes
                0x000000000000013a       0x21 Core/Startup/startup_stm32l4r5zitx.o
 .ARM.attributes
                0x000000000000015b       0x39 Drivers/STM32L4xx_HAL_Driver/stm32l4xx_hal.o
 .ARM.attributes
                0x0000000000000194       0x39 Drivers/STM32L4xx_HAL_Driver/stm32l4xx_hal_cortex.o
 .ARM.attributes
                0x00000000000001cd       0x39 Drivers/STM32L4xx_HAL_Driver/stm32l4xx_hal_gpio.o
 .ARM.attributes
                0x0000000000000206       0x39 Drivers/STM32L4xx_HAL_Driver/stm32l4xx_hal_i2c.o
 .ARM.attributes
                0x000000000000023f       0x39 Drivers/STM32L4xx_HAL_Driver/stm32l4xx_hal_i2c_ex.o
 .ARM.attributes
                0x0000000000000278       0x39 Drivers/STM32L4xx_HAL_Driver/stm32l4xx_hal_pwr_ex.o
 .ARM.attributes
                0x00000000000002b1       0x39 Drivers/STM32L4xx_HAL_Driver/stm32l4xx_hal_rcc.o
 .ARM.attributes
                0x00000000000002ea       0x39 Drivers/STM32L4xx_HAL_Driver/stm32l4xx_hal_rcc_ex.o
 .ARM.attributes
                0x0000000000000323       0x34 c:/st/stm32cubeide_1.5.1/stm32cubeide/plugins/com.st.stm32cube.ide.mcu.externaltools.gnu-tools-for-stm32.7-2018-q2-update.win32_1.5.0.202011040924/tools/bin/../lib/gcc/arm-none-eabi/7.3.1/../../../../arm-none-eabi/lib/thumb/v7e-m/fpv4-sp/hard\libc_nano.a(lib_a-init.o)
 .ARM.attributes
                0x0000000000000357       0x34 c:/st/stm32cubeide_1.5.1/stm32cubeide/plugins/com.st.stm32cube.ide.mcu.externaltools.gnu-tools-for-stm32.7-2018-q2-update.win32_1.5.0.202011040924/tools/bin/../lib/gcc/arm-none-eabi/7.3.1/../../../../arm-none-eabi/lib/thumb/v7e-m/fpv4-sp/hard\libc_nano.a(lib_a-memset.o)
 .ARM.attributes
                0x000000000000038b       0x22 c:/st/stm32cubeide_1.5.1/stm32cubeide/plugins/com.st.stm32cube.ide.mcu.externaltools.gnu-tools-for-stm32.7-2018-q2-update.win32_1.5.0.202011040924/tools/bin/../lib/gcc/arm-none-eabi/7.3.1/thumb/v7e-m/fpv4-sp/hard/crtn.o
OUTPUT(XnucleoSensor.elf elf32-littlearm)

.debug_info     0x0000000000000000     0xa601
 .debug_info    0x0000000000000000      0xf8d Core/Src/main.o
 .debug_info    0x0000000000000f8d      0xc7e Core/Src/stm32l4xx_hal_msp.o
 .debug_info    0x0000000000001c0b      0x318 Core/Src/stm32l4xx_it.o
 .debug_info    0x0000000000001f23      0x72a Core/Src/system_stm32l4xx.o
 .debug_info    0x000000000000264d       0x22 Core/Startup/startup_stm32l4r5zitx.o
 .debug_info    0x000000000000266f      0xc39 Drivers/STM32L4xx_HAL_Driver/stm32l4xx_hal.o
 .debug_info    0x00000000000032a8      0xf54 Drivers/STM32L4xx_HAL_Driver/stm32l4xx_hal_cortex.o
 .debug_info    0x00000000000041fc      0x9b6 Drivers/STM32L4xx_HAL_Driver/stm32l4xx_hal_gpio.o
 .debug_info    0x0000000000004bb2     0x21e2 Drivers/STM32L4xx_HAL_Driver/stm32l4xx_hal_i2c.o
 .debug_info    0x0000000000006d94      0xc88 Drivers/STM32L4xx_HAL_Driver/stm32l4xx_hal_i2c_ex.o
 .debug_info    0x0000000000007a1c      0xb90 Drivers/STM32L4xx_HAL_Driver/stm32l4xx_hal_pwr_ex.o
 .debug_info    0x00000000000085ac      0xe19 Drivers/STM32L4xx_HAL_Driver/stm32l4xx_hal_rcc.o
 .debug_info    0x00000000000093c5     0x123c Drivers/STM32L4xx_HAL_Driver/stm32l4xx_hal_rcc_ex.o

.debug_abbrev   0x0000000000000000     0x1703
 .debug_abbrev  0x0000000000000000      0x212 Core/Src/main.o
 .debug_abbrev  0x0000000000000212      0x197 Core/Src/stm32l4xx_hal_msp.o
 .debug_abbrev  0x00000000000003a9       0xe2 Core/Src/stm32l4xx_it.o
 .debug_abbrev  0x000000000000048b      0x150 Core/Src/system_stm32l4xx.o
 .debug_abbrev  0x00000000000005db       0x12 Core/Startup/startup_stm32l4r5zitx.o
 .debug_abbrev  0x00000000000005ed      0x1fb Drivers/STM32L4xx_HAL_Driver/stm32l4xx_hal.o
 .debug_abbrev  0x00000000000007e8      0x2fa Drivers/STM32L4xx_HAL_Driver/stm32l4xx_hal_cortex.o
 .debug_abbrev  0x0000000000000ae2      0x1c0 Drivers/STM32L4xx_HAL_Driver/stm32l4xx_hal_gpio.o
 .debug_abbrev  0x0000000000000ca2      0x22a Drivers/STM32L4xx_HAL_Driver/stm32l4xx_hal_i2c.o
 .debug_abbrev  0x0000000000000ecc      0x1b9 Drivers/STM32L4xx_HAL_Driver/stm32l4xx_hal_i2c_ex.o
 .debug_abbrev  0x0000000000001085      0x1cb Drivers/STM32L4xx_HAL_Driver/stm32l4xx_hal_pwr_ex.o
 .debug_abbrev  0x0000000000001250      0x27b Drivers/STM32L4xx_HAL_Driver/stm32l4xx_hal_rcc.o
 .debug_abbrev  0x00000000000014cb      0x238 Drivers/STM32L4xx_HAL_Driver/stm32l4xx_hal_rcc_ex.o

.debug_aranges  0x0000000000000000      0x9a8
 .debug_aranges
                0x0000000000000000       0x40 Core/Src/main.o
 .debug_aranges
                0x0000000000000040       0x30 Core/Src/stm32l4xx_hal_msp.o
 .debug_aranges
                0x0000000000000070       0x60 Core/Src/stm32l4xx_it.o
 .debug_aranges
                0x00000000000000d0       0x28 Core/Src/system_stm32l4xx.o
 .debug_aranges
                0x00000000000000f8       0x28 Core/Startup/startup_stm32l4r5zitx.o
 .debug_aranges
                0x0000000000000120      0x130 Drivers/STM32L4xx_HAL_Driver/stm32l4xx_hal.o
 .debug_aranges
                0x0000000000000250      0x118 Drivers/STM32L4xx_HAL_Driver/stm32l4xx_hal_cortex.o
 .debug_aranges
                0x0000000000000368       0x58 Drivers/STM32L4xx_HAL_Driver/stm32l4xx_hal_gpio.o
 .debug_aranges
                0x00000000000003c0      0x290 Drivers/STM32L4xx_HAL_Driver/stm32l4xx_hal_i2c.o
 .debug_aranges
                0x0000000000000650       0x48 Drivers/STM32L4xx_HAL_Driver/stm32l4xx_hal_i2c_ex.o
 .debug_aranges
                0x0000000000000698      0x170 Drivers/STM32L4xx_HAL_Driver/stm32l4xx_hal_pwr_ex.o
 .debug_aranges
                0x0000000000000808       0x90 Drivers/STM32L4xx_HAL_Driver/stm32l4xx_hal_rcc.o
 .debug_aranges
                0x0000000000000898      0x110 Drivers/STM32L4xx_HAL_Driver/stm32l4xx_hal_rcc_ex.o

.debug_ranges   0x0000000000000000      0x8e0
 .debug_ranges  0x0000000000000000       0x30 Core/Src/main.o
 .debug_ranges  0x0000000000000030       0x20 Core/Src/stm32l4xx_hal_msp.o
 .debug_ranges  0x0000000000000050       0x50 Core/Src/stm32l4xx_it.o
 .debug_ranges  0x00000000000000a0       0x18 Core/Src/system_stm32l4xx.o
 .debug_ranges  0x00000000000000b8       0x20 Core/Startup/startup_stm32l4r5zitx.o
 .debug_ranges  0x00000000000000d8      0x120 Drivers/STM32L4xx_HAL_Driver/stm32l4xx_hal.o
 .debug_ranges  0x00000000000001f8      0x108 Drivers/STM32L4xx_HAL_Driver/stm32l4xx_hal_cortex.o
 .debug_ranges  0x0000000000000300       0x48 Drivers/STM32L4xx_HAL_Driver/stm32l4xx_hal_gpio.o
 .debug_ranges  0x0000000000000348      0x280 Drivers/STM32L4xx_HAL_Driver/stm32l4xx_hal_i2c.o
 .debug_ranges  0x00000000000005c8       0x38 Drivers/STM32L4xx_HAL_Driver/stm32l4xx_hal_i2c_ex.o
 .debug_ranges  0x0000000000000600      0x160 Drivers/STM32L4xx_HAL_Driver/stm32l4xx_hal_pwr_ex.o
 .debug_ranges  0x0000000000000760       0x80 Drivers/STM32L4xx_HAL_Driver/stm32l4xx_hal_rcc.o
 .debug_ranges  0x00000000000007e0      0x100 Drivers/STM32L4xx_HAL_Driver/stm32l4xx_hal_rcc_ex.o

.debug_macro    0x0000000000000000    0x28062
 .debug_macro   0x0000000000000000      0x1c9 Core/Src/main.o
 .debug_macro   0x00000000000001c9      0xa5a Core/Src/main.o
 .debug_macro   0x0000000000000c23      0x1a1 Core/Src/main.o
 .debug_macro   0x0000000000000dc4       0x2e Core/Src/main.o
 .debug_macro   0x0000000000000df2       0x28 Core/Src/main.o
 .debug_macro   0x0000000000000e1a       0x22 Core/Src/main.o
 .debug_macro   0x0000000000000e3c       0x8e Core/Src/main.o
 .debug_macro   0x0000000000000eca       0x51 Core/Src/main.o
 .debug_macro   0x0000000000000f1b       0xef Core/Src/main.o
 .debug_macro   0x000000000000100a       0x6a Core/Src/main.o
 .debug_macro   0x0000000000001074      0x1df Core/Src/main.o
 .debug_macro   0x0000000000001253       0x1c Core/Src/main.o
 .debug_macro   0x000000000000126f       0x22 Core/Src/main.o
 .debug_macro   0x0000000000001291       0xdf Core/Src/main.o
 .debug_macro   0x0000000000001370     0x102d Core/Src/main.o
 .debug_macro   0x000000000000239d      0x11f Core/Src/main.o
 .debug_macro   0x00000000000024bc    0x1cb6c Core/Src/main.o
 .debug_macro   0x000000000001f028       0x43 Core/Src/main.o
 .debug_macro   0x000000000001f06b     0x3897 Core/Src/main.o
 .debug_macro   0x0000000000022902      0x174 Core/Src/main.o
 .debug_macro   0x0000000000022a76       0x5c Core/Src/main.o
 .debug_macro   0x0000000000022ad2     0x1845 Core/Src/main.o
 .debug_macro   0x0000000000024317      0x7d5 Core/Src/main.o
 .debug_macro   0x0000000000024aec      0x13d Core/Src/main.o
 .debug_macro   0x0000000000024c29      0x21e Core/Src/main.o
 .debug_macro   0x0000000000024e47      0x486 Core/Src/main.o
 .debug_macro   0x00000000000252cd      0x1cf Core/Src/main.o
 .debug_macro   0x000000000002549c       0x43 Core/Src/main.o
 .debug_macro   0x00000000000254df      0x23d Core/Src/main.o
 .debug_macro   0x000000000002571c      0x241 Core/Src/main.o
 .debug_macro   0x000000000002595d      0x416 Core/Src/main.o
 .debug_macro   0x0000000000025d73       0x1c Core/Src/main.o
 .debug_macro   0x0000000000025d8f       0xf2 Core/Src/main.o
 .debug_macro   0x0000000000025e81      0x22c Core/Src/main.o
 .debug_macro   0x00000000000260ad       0x5e Core/Src/main.o
 .debug_macro   0x000000000002610b       0xa5 Core/Src/main.o
 .debug_macro   0x00000000000261b0      0x122 Core/Src/main.o
 .debug_macro   0x00000000000262d2      0x3f7 Core/Src/main.o
 .debug_macro   0x00000000000266c9      0x44c Core/Src/main.o
 .debug_macro   0x0000000000026b15      0x1c9 Core/Src/stm32l4xx_hal_msp.o
 .debug_macro   0x0000000000026cde      0x1d3 Core/Src/stm32l4xx_it.o
 .debug_macro   0x0000000000026eb1      0x1c5 Core/Src/system_stm32l4xx.o
 .debug_macro   0x0000000000027076      0x20d Drivers/STM32L4xx_HAL_Driver/stm32l4xx_hal.o
 .debug_macro   0x0000000000027283      0x1bf Drivers/STM32L4xx_HAL_Driver/stm32l4xx_hal_cortex.o
 .debug_macro   0x0000000000027442      0x1fe Drivers/STM32L4xx_HAL_Driver/stm32l4xx_hal_gpio.o
 .debug_macro   0x0000000000027640      0x284 Drivers/STM32L4xx_HAL_Driver/stm32l4xx_hal_i2c.o
 .debug_macro   0x00000000000278c4      0x1bf Drivers/STM32L4xx_HAL_Driver/stm32l4xx_hal_i2c_ex.o
 .debug_macro   0x0000000000027a83      0x1e9 Drivers/STM32L4xx_HAL_Driver/stm32l4xx_hal_pwr_ex.o
 .debug_macro   0x0000000000027c6c      0x201 Drivers/STM32L4xx_HAL_Driver/stm32l4xx_hal_rcc.o
 .debug_macro   0x0000000000027e6d      0x1f5 Drivers/STM32L4xx_HAL_Driver/stm32l4xx_hal_rcc_ex.o

.debug_line     0x0000000000000000     0x8a7f
 .debug_line    0x0000000000000000      0x81b Core/Src/main.o
 .debug_line    0x000000000000081b      0x7c1 Core/Src/stm32l4xx_hal_msp.o
 .debug_line    0x0000000000000fdc      0x839 Core/Src/stm32l4xx_it.o
 .debug_line    0x0000000000001815      0x7bc Core/Src/system_stm32l4xx.o
 .debug_line    0x0000000000001fd1       0x87 Core/Startup/startup_stm32l4r5zitx.o
 .debug_line    0x0000000000002058      0xa69 Drivers/STM32L4xx_HAL_Driver/stm32l4xx_hal.o
 .debug_line    0x0000000000002ac1      0xaf2 Drivers/STM32L4xx_HAL_Driver/stm32l4xx_hal_cortex.o
 .debug_line    0x00000000000035b3      0x999 Drivers/STM32L4xx_HAL_Driver/stm32l4xx_hal_gpio.o
 .debug_line    0x0000000000003f4c     0x1bab Drivers/STM32L4xx_HAL_Driver/stm32l4xx_hal_i2c.o
 .debug_line    0x0000000000005af7      0x90f Drivers/STM32L4xx_HAL_Driver/stm32l4xx_hal_i2c_ex.o
 .debug_line    0x0000000000006406      0xbe6 Drivers/STM32L4xx_HAL_Driver/stm32l4xx_hal_pwr_ex.o
 .debug_line    0x0000000000006fec      0xb24 Drivers/STM32L4xx_HAL_Driver/stm32l4xx_hal_rcc.o
 .debug_line    0x0000000000007b10      0xf6f Drivers/STM32L4xx_HAL_Driver/stm32l4xx_hal_rcc_ex.o

.debug_str      0x0000000000000000    0xf58c3
 .debug_str     0x0000000000000000    0xf2798 Core/Src/main.o
                                      0xf2b27 (size before relaxing)
 .debug_str     0x00000000000f2798       0xbb Core/Src/stm32l4xx_hal_msp.o
                                      0xf2737 (size before relaxing)
 .debug_str     0x00000000000f2853       0xbd Core/Src/stm32l4xx_it.o
                                      0xf2040 (size before relaxing)
 .debug_str     0x00000000000f2910       0xcd Core/Src/system_stm32l4xx.o
                                      0xf21b4 (size before relaxing)
 .debug_str     0x00000000000f29dd       0x36 Core/Startup/startup_stm32l4r5zitx.o
                                         0x6a (size before relaxing)
 .debug_str     0x00000000000f2a13      0xa32 Drivers/STM32L4xx_HAL_Driver/stm32l4xx_hal.o
                                      0xf2d02 (size before relaxing)
 .debug_str     0x00000000000f3445      0x3cc Drivers/STM32L4xx_HAL_Driver/stm32l4xx_hal_cortex.o
                                      0xf2a59 (size before relaxing)
 .debug_str     0x00000000000f3811      0x28c Drivers/STM32L4xx_HAL_Driver/stm32l4xx_hal_gpio.o
                                      0xf246e (size before relaxing)
 .debug_str     0x00000000000f3a9d      0xd83 Drivers/STM32L4xx_HAL_Driver/stm32l4xx_hal_i2c.o
                                      0xf33db (size before relaxing)
 .debug_str     0x00000000000f4820       0xf2 Drivers/STM32L4xx_HAL_Driver/stm32l4xx_hal_i2c_ex.o
                                      0xf27f8 (size before relaxing)
 .debug_str     0x00000000000f4912      0x5c0 Drivers/STM32L4xx_HAL_Driver/stm32l4xx_hal_pwr_ex.o
                                      0xf27bc (size before relaxing)
 .debug_str     0x00000000000f4ed2      0x40a Drivers/STM32L4xx_HAL_Driver/stm32l4xx_hal_rcc.o
                                      0xf27dd (size before relaxing)
 .debug_str     0x00000000000f52dc      0x5e7 Drivers/STM32L4xx_HAL_Driver/stm32l4xx_hal_rcc_ex.o
                                      0xf2bb6 (size before relaxing)

.comment        0x0000000000000000       0x7b
 .comment       0x0000000000000000       0x7b Core/Src/main.o
                                         0x7c (size before relaxing)
 .comment       0x000000000000007b       0x7c Core/Src/stm32l4xx_hal_msp.o
 .comment       0x000000000000007b       0x7c Core/Src/stm32l4xx_it.o
 .comment       0x000000000000007b       0x7c Core/Src/system_stm32l4xx.o
 .comment       0x000000000000007b       0x7c Drivers/STM32L4xx_HAL_Driver/stm32l4xx_hal.o
 .comment       0x000000000000007b       0x7c Drivers/STM32L4xx_HAL_Driver/stm32l4xx_hal_cortex.o
 .comment       0x000000000000007b       0x7c Drivers/STM32L4xx_HAL_Driver/stm32l4xx_hal_gpio.o
 .comment       0x000000000000007b       0x7c Drivers/STM32L4xx_HAL_Driver/stm32l4xx_hal_i2c.o
 .comment       0x000000000000007b       0x7c Drivers/STM32L4xx_HAL_Driver/stm32l4xx_hal_i2c_ex.o
 .comment       0x000000000000007b       0x7c Drivers/STM32L4xx_HAL_Driver/stm32l4xx_hal_pwr_ex.o
 .comment       0x000000000000007b       0x7c Drivers/STM32L4xx_HAL_Driver/stm32l4xx_hal_rcc.o
 .comment       0x000000000000007b       0x7c Drivers/STM32L4xx_HAL_Driver/stm32l4xx_hal_rcc_ex.o

.debug_frame    0x0000000000000000     0x2688
 .debug_frame   0x0000000000000000       0xb4 Core/Src/main.o
 .debug_frame   0x00000000000000b4       0x80 Core/Src/stm32l4xx_hal_msp.o
 .debug_frame   0x0000000000000134      0x104 Core/Src/stm32l4xx_it.o
 .debug_frame   0x0000000000000238       0x58 Core/Src/system_stm32l4xx.o
 .debug_frame   0x0000000000000290      0x498 Drivers/STM32L4xx_HAL_Driver/stm32l4xx_hal.o
 .debug_frame   0x0000000000000728      0x498 Drivers/STM32L4xx_HAL_Driver/stm32l4xx_hal_cortex.o
 .debug_frame   0x0000000000000bc0      0x14c Drivers/STM32L4xx_HAL_Driver/stm32l4xx_hal_gpio.o
 .debug_frame   0x0000000000000d0c      0xbe8 Drivers/STM32L4xx_HAL_Driver/stm32l4xx_hal_i2c.o
 .debug_frame   0x00000000000018f4      0x100 Drivers/STM32L4xx_HAL_Driver/stm32l4xx_hal_i2c_ex.o
 .debug_frame   0x00000000000019f4      0x5c4 Drivers/STM32L4xx_HAL_Driver/stm32l4xx_hal_pwr_ex.o
 .debug_frame   0x0000000000001fb8      0x220 Drivers/STM32L4xx_HAL_Driver/stm32l4xx_hal_rcc.o
 .debug_frame   0x00000000000021d8      0x464 Drivers/STM32L4xx_HAL_Driver/stm32l4xx_hal_rcc_ex.o
 .debug_frame   0x000000000000263c       0x2c c:/st/stm32cubeide_1.5.1/stm32cubeide/plugins/com.st.stm32cube.ide.mcu.externaltools.gnu-tools-for-stm32.7-2018-q2-update.win32_1.5.0.202011040924/tools/bin/../lib/gcc/arm-none-eabi/7.3.1/../../../../arm-none-eabi/lib/thumb/v7e-m/fpv4-sp/hard\libc_nano.a(lib_a-init.o)
 .debug_frame   0x0000000000002668       0x20 c:/st/stm32cubeide_1.5.1/stm32cubeide/plugins/com.st.stm32cube.ide.mcu.externaltools.gnu-tools-for-stm32.7-2018-q2-update.win32_1.5.0.202011040924/tools/bin/../lib/gcc/arm-none-eabi/7.3.1/../../../../arm-none-eabi/lib/thumb/v7e-m/fpv4-sp/hard\libc_nano.a(lib_a-memset.o)
