Archive member included to satisfy reference by file (symbol)

c:/st/stm32cubeide_1.5.1/stm32cubeide/plugins/com.st.stm32cube.ide.mcu.externaltools.gnu-tools-for-stm32.7-2018-q2-update.win32_1.5.0.202011040924/tools/bin/../lib/gcc/arm-none-eabi/7.3.1/../../../../arm-none-eabi/lib/thumb/v7e-m/fpv4-sp/hard\libc_nano.a(lib_a-errno.o)
                              Core/Src/syscalls.o (__errno)
c:/st/stm32cubeide_1.5.1/stm32cubeide/plugins/com.st.stm32cube.ide.mcu.externaltools.gnu-tools-for-stm32.7-2018-q2-update.win32_1.5.0.202011040924/tools/bin/../lib/gcc/arm-none-eabi/7.3.1/../../../../arm-none-eabi/lib/thumb/v7e-m/fpv4-sp/hard\libc_nano.a(lib_a-exit.o)
                              c:/st/stm32cubeide_1.5.1/stm32cubeide/plugins/com.st.stm32cube.ide.mcu.externaltools.gnu-tools-for-stm32.7-2018-q2-update.win32_1.5.0.202011040924/tools/bin/../lib/gcc/arm-none-eabi/7.3.1/../../../../arm-none-eabi/lib/thumb/v7e-m/fpv4-sp/hard/crt0.o (exit)
c:/st/stm32cubeide_1.5.1/stm32cubeide/plugins/com.st.stm32cube.ide.mcu.externaltools.gnu-tools-for-stm32.7-2018-q2-update.win32_1.5.0.202011040924/tools/bin/../lib/gcc/arm-none-eabi/7.3.1/../../../../arm-none-eabi/lib/thumb/v7e-m/fpv4-sp/hard\libc_nano.a(lib_a-impure.o)
                              c:/st/stm32cubeide_1.5.1/stm32cubeide/plugins/com.st.stm32cube.ide.mcu.externaltools.gnu-tools-for-stm32.7-2018-q2-update.win32_1.5.0.202011040924/tools/bin/../lib/gcc/arm-none-eabi/7.3.1/../../../../arm-none-eabi/lib/thumb/v7e-m/fpv4-sp/hard\libc_nano.a(lib_a-exit.o) (_global_impure_ptr)
c:/st/stm32cubeide_1.5.1/stm32cubeide/plugins/com.st.stm32cube.ide.mcu.externaltools.gnu-tools-for-stm32.7-2018-q2-update.win32_1.5.0.202011040924/tools/bin/../lib/gcc/arm-none-eabi/7.3.1/../../../../arm-none-eabi/lib/thumb/v7e-m/fpv4-sp/hard\libc_nano.a(lib_a-init.o)
                              c:/st/stm32cubeide_1.5.1/stm32cubeide/plugins/com.st.stm32cube.ide.mcu.externaltools.gnu-tools-for-stm32.7-2018-q2-update.win32_1.5.0.202011040924/tools/bin/../lib/gcc/arm-none-eabi/7.3.1/../../../../arm-none-eabi/lib/thumb/v7e-m/fpv4-sp/hard/crt0.o (__libc_init_array)
c:/st/stm32cubeide_1.5.1/stm32cubeide/plugins/com.st.stm32cube.ide.mcu.externaltools.gnu-tools-for-stm32.7-2018-q2-update.win32_1.5.0.202011040924/tools/bin/../lib/gcc/arm-none-eabi/7.3.1/../../../../arm-none-eabi/lib/thumb/v7e-m/fpv4-sp/hard\libc_nano.a(lib_a-memcpy-stub.o)
                              Middlewares/FreeRTOS/queue.o (memcpy)
c:/st/stm32cubeide_1.5.1/stm32cubeide/plugins/com.st.stm32cube.ide.mcu.externaltools.gnu-tools-for-stm32.7-2018-q2-update.win32_1.5.0.202011040924/tools/bin/../lib/gcc/arm-none-eabi/7.3.1/../../../../arm-none-eabi/lib/thumb/v7e-m/fpv4-sp/hard\libc_nano.a(lib_a-memset.o)
                              c:/st/stm32cubeide_1.5.1/stm32cubeide/plugins/com.st.stm32cube.ide.mcu.externaltools.gnu-tools-for-stm32.7-2018-q2-update.win32_1.5.0.202011040924/tools/bin/../lib/gcc/arm-none-eabi/7.3.1/../../../../arm-none-eabi/lib/thumb/v7e-m/fpv4-sp/hard/crt0.o (memset)

Allocating common symbols
Common symbol       size              file

defaultTaskHandle   0x4               Core/Src/main.o
humm                0x4               Core/Src/main.o
hi2c1               0x4c              Core/Src/main.o
uwTick              0x4               Drivers/STM32L4xx_HAL_Driver/stm32l4xx_hal.o
xQueueRegistry      0x40              Middlewares/FreeRTOS/queue.o
temp                0x4               Core/Src/main.o
pressure            0x4               Core/Src/main.o
htim1               0x40              Core/Src/stm32l4xx_hal_timebase_tim.o

Discarded input sections

 .text          0x0000000000000000        0x0 c:/st/stm32cubeide_1.5.1/stm32cubeide/plugins/com.st.stm32cube.ide.mcu.externaltools.gnu-tools-for-stm32.7-2018-q2-update.win32_1.5.0.202011040924/tools/bin/../lib/gcc/arm-none-eabi/7.3.1/thumb/v7e-m/fpv4-sp/hard/crti.o
 .data          0x0000000000000000        0x0 c:/st/stm32cubeide_1.5.1/stm32cubeide/plugins/com.st.stm32cube.ide.mcu.externaltools.gnu-tools-for-stm32.7-2018-q2-update.win32_1.5.0.202011040924/tools/bin/../lib/gcc/arm-none-eabi/7.3.1/thumb/v7e-m/fpv4-sp/hard/crti.o
 .bss           0x0000000000000000        0x0 c:/st/stm32cubeide_1.5.1/stm32cubeide/plugins/com.st.stm32cube.ide.mcu.externaltools.gnu-tools-for-stm32.7-2018-q2-update.win32_1.5.0.202011040924/tools/bin/../lib/gcc/arm-none-eabi/7.3.1/thumb/v7e-m/fpv4-sp/hard/crti.o
 .data          0x0000000000000000        0x4 c:/st/stm32cubeide_1.5.1/stm32cubeide/plugins/com.st.stm32cube.ide.mcu.externaltools.gnu-tools-for-stm32.7-2018-q2-update.win32_1.5.0.202011040924/tools/bin/../lib/gcc/arm-none-eabi/7.3.1/thumb/v7e-m/fpv4-sp/hard/crtbegin.o
 .text          0x0000000000000000       0x74 c:/st/stm32cubeide_1.5.1/stm32cubeide/plugins/com.st.stm32cube.ide.mcu.externaltools.gnu-tools-for-stm32.7-2018-q2-update.win32_1.5.0.202011040924/tools/bin/../lib/gcc/arm-none-eabi/7.3.1/../../../../arm-none-eabi/lib/thumb/v7e-m/fpv4-sp/hard/crt0.o
[...]
Memory Configuration

Name             Origin             Length             Attributes
RAM              0x0000000020000000 0x00000000000a0000 xrw
FLASH            0x0000000008000000 0x0000000000200000 xr
*default*        0x0000000000000000 0xffffffffffffffff

Linker script and memory map

LOAD c:/st/stm32cubeide_1.5.1/stm32cubeide/plugins/com.st.stm32cube.ide.mcu.externaltools.gnu-tools-for-stm32.7-2018-q2-update.win32_1.5.0.202011040924/tools/bin/../lib/gcc/arm-none-eabi/7.3.1/thumb/v7e-m/fpv4-sp/hard/crti.o
LOAD c:/st/stm32cubeide_1.5.1/stm32cubeide/plugins/com.st.stm32cube.ide.mcu.externaltools.gnu-tools-for-stm32.7-2018-q2-update.win32_1.5.0.202011040924/tools/bin/../lib/gcc/arm-none-eabi/7.3.1/thumb/v7e-m/fpv4-sp/hard/crtbegin.o
LOAD c:/st/stm32cubeide_1.5.1/stm32cubeide/plugins/com.st.stm32cube.ide.mcu.externaltools.gnu-tools-for-stm32.7-2018-q2-update.win32_1.5.0.202011040924/tools/bin/../lib/gcc/arm-none-eabi/7.3.1/../../../../arm-none-eabi/lib/thumb/v7e-m/fpv4-sp/hard/crt0.o
LOAD Core/Src/freertos.o
LOAD Core/Src/main.o
LOAD Core/Src/stm32l4xx_hal_msp.o
LOAD Core/Src/stm32l4xx_hal_timebase_tim.o
LOAD Core/Src/stm32l4xx_it.o
LOAD Core/Src/syscalls.o
LOAD Core/Src/sysmem.o
LOAD Core/Src/system_stm32l4xx.o
LOAD Core/Startup/startup_stm32l4r5zitx.o
LOAD Drivers/STM32L4xx_HAL_Driver/stm32l4xx_hal.o
LOAD Drivers/STM32L4xx_HAL_Driver/stm32l4xx_hal_cortex.o
LOAD Drivers/STM32L4xx_HAL_Driver/stm32l4xx_hal_dma.o
LOAD Drivers/STM32L4xx_HAL_Driver/stm32l4xx_hal_dma_ex.o
LOAD Drivers/STM32L4xx_HAL_Driver/stm32l4xx_hal_exti.o
LOAD Drivers/STM32L4xx_HAL_Driver/stm32l4xx_hal_flash.o
LOAD Drivers/STM32L4xx_HAL_Driver/stm32l4xx_hal_flash_ex.o
LOAD Drivers/STM32L4xx_HAL_Driver/stm32l4xx_hal_flash_ramfunc.o
LOAD Drivers/STM32L4xx_HAL_Driver/stm32l4xx_hal_gpio.o
LOAD Drivers/STM32L4xx_HAL_Driver/stm32l4xx_hal_i2c.o
LOAD Drivers/STM32L4xx_HAL_Driver/stm32l4xx_hal_i2c_ex.o
LOAD Drivers/STM32L4xx_HAL_Driver/stm32l4xx_hal_pwr.o
LOAD Drivers/STM32L4xx_HAL_Driver/stm32l4xx_hal_pwr_ex.o
LOAD Drivers/STM32L4xx_HAL_Driver/stm32l4xx_hal_rcc.o
LOAD Drivers/STM32L4xx_HAL_Driver/stm32l4xx_hal_rcc_ex.o
LOAD Drivers/STM32L4xx_HAL_Driver/stm32l4xx_hal_tim.o
LOAD Drivers/STM32L4xx_HAL_Driver/stm32l4xx_hal_tim_ex.o
LOAD Middlewares/FreeRTOS/cmsis_os.o
LOAD Middlewares/FreeRTOS/croutine.o
LOAD Middlewares/FreeRTOS/event_groups.o
LOAD Middlewares/FreeRTOS/heap_4.o
LOAD Middlewares/FreeRTOS/list.o
LOAD Middlewares/FreeRTOS/port.o
LOAD Middlewares/FreeRTOS/queue.o
LOAD Middlewares/FreeRTOS/stream_buffer.o
LOAD Middlewares/FreeRTOS/tasks.o
LOAD Middlewares/FreeRTOS/timers.o
START GROUP
LOAD c:/st/stm32cubeide_1.5.1/stm32cubeide/plugins/com.st.stm32cube.ide.mcu.externaltools.gnu-tools-for-stm32.7-2018-q2-update.win32_1.5.0.202011040924/tools/bin/../lib/gcc/arm-none-eabi/7.3.1/../../../../arm-none-eabi/lib/thumb/v7e-m/fpv4-sp/hard\libc_nano.a
LOAD c:/st/stm32cubeide_1.5.1/stm32cubeide/plugins/com.st.stm32cube.ide.mcu.externaltools.gnu-tools-for-stm32.7-2018-q2-update.win32_1.5.0.202011040924/tools/bin/../lib/gcc/arm-none-eabi/7.3.1/../../../../arm-none-eabi/lib/thumb/v7e-m/fpv4-sp/hard\libm.a
END GROUP
START GROUP
LOAD c:/st/stm32cubeide_1.5.1/stm32cubeide/plugins/com.st.stm32cube.ide.mcu.externaltools.gnu-tools-for-stm32.7-2018-q2-update.win32_1.5.0.202011040924/tools/bin/../lib/gcc/arm-none-eabi/7.3.1/thumb/v7e-m/fpv4-sp/hard\libgcc.a
LOAD c:/st/stm32cubeide_1.5.1/stm32cubeide/plugins/com.st.stm32cube.ide.mcu.externaltools.gnu-tools-for-stm32.7-2018-q2-update.win32_1.5.0.202011040924/tools/bin/../lib/gcc/arm-none-eabi/7.3.1/../../../../arm-none-eabi/lib/thumb/v7e-m/fpv4-sp/hard\libc_nano.a
END GROUP
START GROUP
LOAD c:/st/stm32cubeide_1.5.1/stm32cubeide/plugins/com.st.stm32cube.ide.mcu.externaltools.gnu-tools-for-stm32.7-2018-q2-update.win32_1.5.0.202011040924/tools/bin/../lib/gcc/arm-none-eabi/7.3.1/thumb/v7e-m/fpv4-sp/hard\libgcc.a
LOAD c:/st/stm32cubeide_1.5.1/stm32cubeide/plugins/com.st.stm32cube.ide.mcu.externaltools.gnu-tools-for-stm32.7-2018-q2-update.win32_1.5.0.202011040924/tools/bin/../lib/gcc/arm-none-eabi/7.3.1/../../../../arm-none-eabi/lib/thumb/v7e-m/fpv4-sp/hard\libc_nano.a
LOAD c:/st/stm32cubeide_1.5.1/stm32cubeide/plugins/com.st.stm32cube.ide.mcu.externaltools.gnu-tools-for-stm32.7-2018-q2-update.win32_1.5.0.202011040924/tools/bin/../lib/gcc/arm-none-eabi/7.3.1/../../../../arm-none-eabi/lib/thumb/v7e-m/fpv4-sp/hard\libnosys.a
END GROUP
START GROUP
LOAD c:/st/stm32cubeide_1.5.1/stm32cubeide/plugins/com.st.stm32cube.ide.mcu.externaltools.gnu-tools-for-stm32.7-2018-q2-update.win32_1.5.0.202011040924/tools/bin/../lib/gcc/arm-none-eabi/7.3.1/thumb/v7e-m/fpv4-sp/hard\libgcc.a
LOAD c:/st/stm32cubeide_1.5.1/stm32cubeide/plugins/com.st.stm32cube.ide.mcu.externaltools.gnu-tools-for-stm32.7-2018-q2-update.win32_1.5.0.202011040924/tools/bin/../lib/gcc/arm-none-eabi/7.3.1/../../../../arm-none-eabi/lib/thumb/v7e-m/fpv4-sp/hard\libc_nano.a
LOAD c:/st/stm32cubeide_1.5.1/stm32cubeide/plugins/com.st.stm32cube.ide.mcu.externaltools.gnu-tools-for-stm32.7-2018-q2-update.win32_1.5.0.202011040924/tools/bin/../lib/gcc/arm-none-eabi/7.3.1/../../../../arm-none-eabi/lib/thumb/v7e-m/fpv4-sp/hard\libnosys.a
END GROUP
LOAD c:/st/stm32cubeide_1.5.1/stm32cubeide/plugins/com.st.stm32cube.ide.mcu.externaltools.gnu-tools-for-stm32.7-2018-q2-update.win32_1.5.0.202011040924/tools/bin/../lib/gcc/arm-none-eabi/7.3.1/thumb/v7e-m/fpv4-sp/hard/crtend.o
LOAD c:/st/stm32cubeide_1.5.1/stm32cubeide/plugins/com.st.stm32cube.ide.mcu.externaltools.gnu-tools-for-stm32.7-2018-q2-update.win32_1.5.0.202011040924/tools/bin/../lib/gcc/arm-none-eabi/7.3.1/thumb/v7e-m/fpv4-sp/hard/crtn.o
                0x00000000200a0000                _estack = (ORIGIN (RAM) + LENGTH (RAM))
                0x0000000000000200                _Min_Heap_Size = 0x200
                0x0000000000000400                _Min_Stack_Size = 0x400

.isr_vector     0x0000000008000000      0x1bc
                0x0000000008000000                . = ALIGN (0x4)
 *(.isr_vector)
 .isr_vector    0x0000000008000000      0x1bc Core/Startup/startup_stm32l4r5zitx.o
                0x0000000008000000                g_pfnVectors
                0x00000000080001bc                . = ALIGN (0x4)

.text           0x00000000080001c0     0x4fa0
                0x00000000080001c0                . = ALIGN (0x4)
 *(.text)
 .text          0x00000000080001c0       0x40 c:/st/stm32cubeide_1.5.1/stm32cubeide/plugins/com.st.stm32cube.ide.mcu.externaltools.gnu-tools-for-stm32.7-2018-q2-update.win32_1.5.0.202011040924/tools/bin/../lib/gcc/arm-none-eabi/7.3.1/thumb/v7e-m/fpv4-sp/hard/crtbegin.o
 *(.text*)
 .text.vApplicationGetIdleTaskMemory
                0x0000000008000200       0x34 Core/Src/freertos.o
                0x0000000008000200                vApplicationGetIdleTaskMemory
 .text.main     0x0000000008000234       0x74 Core/Src/main.o
                0x0000000008000234                main
 .text.SystemClock_Config
                0x00000000080002a8       0xea Core/Src/main.o
                0x00000000080002a8                SystemClock_Config
 *fill*         0x0000000008000392        0x2 
 .text.MX_I2C1_Init
                0x0000000008000394       0x80 Core/Src/main.o
 .text.MX_GPIO_Init
                0x0000000008000414       0x60 Core/Src/main.o
 .text.StartDefaultTask
                0x0000000008000474      0x2f0 Core/Src/main.o
                0x0000000008000474                StartDefaultTask
 .text.HAL_TIM_PeriodElapsedCallback
                0x0000000008000764       0x24 Core/Src/main.o
                0x0000000008000764                HAL_TIM_PeriodElapsedCallback
 .text.Error_Handler
                0x0000000008000788        0x8 Core/Src/main.o
                0x0000000008000788                Error_Handler
 .text.HAL_MspInit
                0x0000000008000790       0x50 Core/Src/stm32l4xx_hal_msp.o
                0x0000000008000790                HAL_MspInit
 .text.HAL_I2C_MspInit
                0x00000000080007e0       0x88 Core/Src/stm32l4xx_hal_msp.o
                0x00000000080007e0                HAL_I2C_MspInit
 .text.HAL_InitTick
                0x0000000008000868       0xac Core/Src/stm32l4xx_hal_timebase_tim.o
                0x0000000008000868                HAL_InitTick
 .text.NMI_Handler
                0x0000000008000914        0x6 Core/Src/stm32l4xx_it.o
                0x0000000008000914                NMI_Handler
 .text.HardFault_Handler
                0x000000000800091a        0x6 Core/Src/stm32l4xx_it.o
                0x000000000800091a                HardFault_Handler
 .text.MemManage_Handler
                0x0000000008000920        0x6 Core/Src/stm32l4xx_it.o
                0x0000000008000920                MemManage_Handler
 .text.BusFault_Handler
                0x0000000008000926        0x6 Core/Src/stm32l4xx_it.o
                0x0000000008000926                BusFault_Handler
 .text.UsageFault_Handler
                0x000000000800092c        0x6 Core/Src/stm32l4xx_it.o
                0x000000000800092c                UsageFault_Handler
 .text.DebugMon_Handler
                0x0000000008000932        0xe Core/Src/stm32l4xx_it.o
                0x0000000008000932                DebugMon_Handler
 .text.TIM1_UP_TIM16_IRQHandler
                0x0000000008000940       0x14 Core/Src/stm32l4xx_it.o
                0x0000000008000940                TIM1_UP_TIM16_IRQHandler
 .text.SystemInit
                0x0000000008000954       0x6c Core/Src/system_stm32l4xx.o
                0x0000000008000954                SystemInit
 .text.Reset_Handler
                0x00000000080009c0       0x50 Core/Startup/startup_stm32l4r5zitx.o
                0x00000000080009c0                Reset_Handler
 .text.Default_Handler
                0x0000000008000a10        0x2 Core/Startup/startup_stm32l4r5zitx.o
                0x0000000008000a10                RTC_Alarm_IRQHandler
                0x0000000008000a10                EXTI2_IRQHandler
                0x0000000008000a10                TIM8_TRG_COM_IRQHandler
                0x0000000008000a10                TIM8_CC_IRQHandler
                0x0000000008000a10                TIM1_CC_IRQHandler
                0x0000000008000a10                TSC_IRQHandler
                0x0000000008000a10                TAMP_STAMP_IRQHandler
                0x0000000008000a10                EXTI3_IRQHandler
                0x0000000008000a10                LPTIM2_IRQHandler
                0x0000000008000a10                DFSDM1_FLT1_IRQHandler
                0x0000000008000a10                GFXMMU_IRQHandler
                0x0000000008000a10                I2C3_ER_IRQHandler
                0x0000000008000a10                DFSDM1_FLT2_IRQHandler
                0x0000000008000a10                EXTI0_IRQHandler
                0x0000000008000a10                I2C2_EV_IRQHandler
                0x0000000008000a10                CAN1_RX0_IRQHandler
                0x0000000008000a10                FPU_IRQHandler
                0x0000000008000a10                LTDC_ER_IRQHandler
                0x0000000008000a10                SPI1_IRQHandler
                0x0000000008000a10                OCTOSPI1_IRQHandler
                0x0000000008000a10                TIM6_DAC_IRQHandler
                0x0000000008000a10                DCMI_IRQHandler
                0x0000000008000a10                TIM8_UP_IRQHandler
                0x0000000008000a10                OCTOSPI2_IRQHandler
                0x0000000008000a10                DMA2_Channel2_IRQHandler
                0x0000000008000a10                DMA1_Channel4_IRQHandler
                0x0000000008000a10                SAI2_IRQHandler
                0x0000000008000a10                ADC1_IRQHandler
                0x0000000008000a10                DFSDM1_FLT3_IRQHandler
                0x0000000008000a10                USART3_IRQHandler
                0x0000000008000a10                DMA1_Channel7_IRQHandler
                0x0000000008000a10                CAN1_RX1_IRQHandler
                0x0000000008000a10                UART5_IRQHandler
                0x0000000008000a10                TIM4_IRQHandler
                0x0000000008000a10                DMA2_Channel1_IRQHandler
                0x0000000008000a10                I2C1_EV_IRQHandler
                0x0000000008000a10                DMAMUX1_OVR_IRQHandler
                0x0000000008000a10                DMA1_Channel6_IRQHandler
                0x0000000008000a10                UART4_IRQHandler
                0x0000000008000a10                DMA2_Channel4_IRQHandler
                0x0000000008000a10                TIM3_IRQHandler
                0x0000000008000a10                RCC_IRQHandler
                0x0000000008000a10                DMA1_Channel1_IRQHandler
                0x0000000008000a10                Default_Handler
                0x0000000008000a10                DMA2_Channel7_IRQHandler
                0x0000000008000a10                EXTI15_10_IRQHandler
                0x0000000008000a10                TIM7_IRQHandler
                0x0000000008000a10                SDMMC1_IRQHandler
                0x0000000008000a10                TIM5_IRQHandler
                0x0000000008000a10                I2C3_EV_IRQHandler
                0x0000000008000a10                EXTI9_5_IRQHandler
                0x0000000008000a10                RTC_WKUP_IRQHandler
                0x0000000008000a10                LTDC_IRQHandler
                0x0000000008000a10                PVD_PVM_IRQHandler
                0x0000000008000a10                SPI2_IRQHandler
                0x0000000008000a10                CAN1_TX_IRQHandler
                0x0000000008000a10                DMA2_Channel5_IRQHandler
                0x0000000008000a10                CRS_IRQHandler
                0x0000000008000a10                DMA1_Channel5_IRQHandler
                0x0000000008000a10                EXTI4_IRQHandler
                0x0000000008000a10                RNG_IRQHandler
                0x0000000008000a10                TIM1_TRG_COM_TIM17_IRQHandler
                0x0000000008000a10                DMA1_Channel3_IRQHandler
                0x0000000008000a10                COMP_IRQHandler
                0x0000000008000a10                WWDG_IRQHandler
                0x0000000008000a10                I2C4_EV_IRQHandler
                0x0000000008000a10                LPUART1_IRQHandler
                0x0000000008000a10                DMA2_Channel6_IRQHandler
                0x0000000008000a10                TIM2_IRQHandler
                0x0000000008000a10                DMA2D_IRQHandler
                0x0000000008000a10                EXTI1_IRQHandler
                0x0000000008000a10                USART2_IRQHandler
                0x0000000008000a10                DFSDM1_FLT0_IRQHandler
                0x0000000008000a10                I2C2_ER_IRQHandler
                0x0000000008000a10                DMA1_Channel2_IRQHandler
                0x0000000008000a10                TIM8_BRK_IRQHandler
                0x0000000008000a10                CAN1_SCE_IRQHandler
                0x0000000008000a10                FLASH_IRQHandler
                0x0000000008000a10                USART1_IRQHandler
                0x0000000008000a10                OTG_FS_IRQHandler
                0x0000000008000a10                SPI3_IRQHandler
                0x0000000008000a10                I2C1_ER_IRQHandler
                0x0000000008000a10                FMC_IRQHandler
                0x0000000008000a10                LPTIM1_IRQHandler
                0x0000000008000a10                I2C4_ER_IRQHandler
                0x0000000008000a10                SAI1_IRQHandler
                0x0000000008000a10                DMA2_Channel3_IRQHandler
                0x0000000008000a10                TIM1_BRK_TIM15_IRQHandler
 .text.HAL_Init
                0x0000000008000a12       0x30 Drivers/STM32L4xx_HAL_Driver/stm32l4xx_hal.o
                0x0000000008000a12                HAL_Init
 *fill*         0x0000000008000a42        0x2 
 .text.HAL_IncTick
                0x0000000008000a44       0x24 Drivers/STM32L4xx_HAL_Driver/stm32l4xx_hal.o
                0x0000000008000a44                HAL_IncTick
 .text.HAL_GetTick
                0x0000000008000a68       0x18 Drivers/STM32L4xx_HAL_Driver/stm32l4xx_hal.o
                0x0000000008000a68                HAL_GetTick
 .text.__NVIC_SetPriorityGrouping
                0x0000000008000a80       0x48 Drivers/STM32L4xx_HAL_Driver/stm32l4xx_hal_cortex.o
 .text.__NVIC_GetPriorityGrouping
                0x0000000008000ac8       0x1c Drivers/STM32L4xx_HAL_Driver/stm32l4xx_hal_cortex.o
 .text.__NVIC_EnableIRQ
                0x0000000008000ae4       0x3c Drivers/STM32L4xx_HAL_Driver/stm32l4xx_hal_cortex.o
 .text.__NVIC_SetPriority
                0x0000000008000b20       0x54 Drivers/STM32L4xx_HAL_Driver/stm32l4xx_hal_cortex.o
 .text.NVIC_EncodePriority
                0x0000000008000b74       0x66 Drivers/STM32L4xx_HAL_Driver/stm32l4xx_hal_cortex.o
 .text.HAL_NVIC_SetPriorityGrouping
                0x0000000008000bda       0x16 Drivers/STM32L4xx_HAL_Driver/stm32l4xx_hal_cortex.o
                0x0000000008000bda                HAL_NVIC_SetPriorityGrouping
 .text.HAL_NVIC_SetPriority
                0x0000000008000bf0       0x38 Drivers/STM32L4xx_HAL_Driver/stm32l4xx_hal_cortex.o
                0x0000000008000bf0                HAL_NVIC_SetPriority
 .text.HAL_NVIC_EnableIRQ
                0x0000000008000c28       0x1c Drivers/STM32L4xx_HAL_Driver/stm32l4xx_hal_cortex.o
                0x0000000008000c28                HAL_NVIC_EnableIRQ
 .text.HAL_GPIO_Init
                0x0000000008000c44      0x324 Drivers/STM32L4xx_HAL_Driver/stm32l4xx_hal_gpio.o
                0x0000000008000c44                HAL_GPIO_Init
 .text.HAL_I2C_Init
                0x0000000008000f68      0x11e Drivers/STM32L4xx_HAL_Driver/stm32l4xx_hal_i2c.o
                0x0000000008000f68                HAL_I2C_Init
 *fill*         0x0000000008001086        0x2 
 .text.HAL_I2C_Master_Transmit
                0x0000000008001088      0x1e8 Drivers/STM32L4xx_HAL_Driver/stm32l4xx_hal_i2c.o
                0x0000000008001088                HAL_I2C_Master_Transmit
 .text.HAL_I2C_Master_Receive
                0x0000000008001270      0x1ec Drivers/STM32L4xx_HAL_Driver/stm32l4xx_hal_i2c.o
                0x0000000008001270                HAL_I2C_Master_Receive
 .text.HAL_I2C_Mem_Read
                0x000000000800145c      0x234 Drivers/STM32L4xx_HAL_Driver/stm32l4xx_hal_i2c.o
                0x000000000800145c                HAL_I2C_Mem_Read
 .text.HAL_I2C_IsDeviceReady
                0x0000000008001690      0x20e Drivers/STM32L4xx_HAL_Driver/stm32l4xx_hal_i2c.o
                0x0000000008001690                HAL_I2C_IsDeviceReady
 .text.HAL_I2C_GetState
                0x000000000800189e       0x1c Drivers/STM32L4xx_HAL_Driver/stm32l4xx_hal_i2c.o
                0x000000000800189e                HAL_I2C_GetState
 .text.HAL_I2C_GetError
                0x00000000080018ba       0x18 Drivers/STM32L4xx_HAL_Driver/stm32l4xx_hal_i2c.o
                0x00000000080018ba                HAL_I2C_GetError
 *fill*         0x00000000080018d2        0x2 
 .text.I2C_RequestMemoryRead
                0x00000000080018d4       0xa8 Drivers/STM32L4xx_HAL_Driver/stm32l4xx_hal_i2c.o
 .text.I2C_Flush_TXDR
                0x000000000800197c       0x48 Drivers/STM32L4xx_HAL_Driver/stm32l4xx_hal_i2c.o
 .text.I2C_WaitOnFlagUntilTimeout
                0x00000000080019c4       0x80 Drivers/STM32L4xx_HAL_Driver/stm32l4xx_hal_i2c.o
 .text.I2C_WaitOnTXISFlagUntilTimeout
                0x0000000008001a44       0x80 Drivers/STM32L4xx_HAL_Driver/stm32l4xx_hal_i2c.o
 .text.I2C_WaitOnSTOPFlagUntilTimeout
                0x0000000008001ac4       0x78 Drivers/STM32L4xx_HAL_Driver/stm32l4xx_hal_i2c.o
 .text.I2C_WaitOnRXNEFlagUntilTimeout
                0x0000000008001b3c       0xd8 Drivers/STM32L4xx_HAL_Driver/stm32l4xx_hal_i2c.o
 .text.I2C_IsAcknowledgeFailed
                0x0000000008001c14       0xcc Drivers/STM32L4xx_HAL_Driver/stm32l4xx_hal_i2c.o
 .text.I2C_TransferConfig
                0x0000000008001ce0       0x5c Drivers/STM32L4xx_HAL_Driver/stm32l4xx_hal_i2c.o
 .text.HAL_I2CEx_ConfigAnalogFilter
                0x0000000008001d3c       0x96 Drivers/STM32L4xx_HAL_Driver/stm32l4xx_hal_i2c_ex.o
                0x0000000008001d3c                HAL_I2CEx_ConfigAnalogFilter
 .text.HAL_I2CEx_ConfigDigitalFilter
                0x0000000008001dd2       0x98 Drivers/STM32L4xx_HAL_Driver/stm32l4xx_hal_i2c_ex.o
                0x0000000008001dd2                HAL_I2CEx_ConfigDigitalFilter
 *fill*         0x0000000008001e6a        0x2 
 .text.HAL_PWREx_GetVoltageRange
                0x0000000008001e6c       0x40 Drivers/STM32L4xx_HAL_Driver/stm32l4xx_hal_pwr_ex.o
                0x0000000008001e6c                HAL_PWREx_GetVoltageRange
 .text.HAL_PWREx_ControlVoltageScaling
                0x0000000008001eac      0x148 Drivers/STM32L4xx_HAL_Driver/stm32l4xx_hal_pwr_ex.o
                0x0000000008001eac                HAL_PWREx_ControlVoltageScaling
 .text.HAL_RCC_OscConfig
                0x0000000008001ff4      0x84c Drivers/STM32L4xx_HAL_Driver/stm32l4xx_hal_rcc.o
                0x0000000008001ff4                HAL_RCC_OscConfig
 .text.HAL_RCC_ClockConfig
                0x0000000008002840      0x258 Drivers/STM32L4xx_HAL_Driver/stm32l4xx_hal_rcc.o
                0x0000000008002840                HAL_RCC_ClockConfig
 .text.HAL_RCC_GetSysClockFreq
                0x0000000008002a98      0x114 Drivers/STM32L4xx_HAL_Driver/stm32l4xx_hal_rcc.o
                0x0000000008002a98                HAL_RCC_GetSysClockFreq
 .text.HAL_RCC_GetHCLKFreq
                0x0000000008002bac       0x18 Drivers/STM32L4xx_HAL_Driver/stm32l4xx_hal_rcc.o
                0x0000000008002bac                HAL_RCC_GetHCLKFreq
 .text.HAL_RCC_GetPCLK2Freq
                0x0000000008002bc4       0x2c Drivers/STM32L4xx_HAL_Driver/stm32l4xx_hal_rcc.o
                0x0000000008002bc4                HAL_RCC_GetPCLK2Freq
 .text.HAL_RCC_GetClockConfig
                0x0000000008002bf0       0x64 Drivers/STM32L4xx_HAL_Driver/stm32l4xx_hal_rcc.o
                0x0000000008002bf0                HAL_RCC_GetClockConfig
 .text.RCC_SetFlashLatencyFromMSIRange
                0x0000000008002c54       0xb4 Drivers/STM32L4xx_HAL_Driver/stm32l4xx_hal_rcc.o
 .text.RCC_GetSysClockFreqFromPLLSource
                0x0000000008002d08       0xd0 Drivers/STM32L4xx_HAL_Driver/stm32l4xx_hal_rcc.o
 .text.HAL_RCCEx_PeriphCLKConfig
                0x0000000008002dd8      0x650 Drivers/STM32L4xx_HAL_Driver/stm32l4xx_hal_rcc_ex.o
                0x0000000008002dd8                HAL_RCCEx_PeriphCLKConfig
 .text.RCCEx_PLLSAI1_Config
                0x0000000008003428      0x1e0 Drivers/STM32L4xx_HAL_Driver/stm32l4xx_hal_rcc_ex.o
 .text.RCCEx_PLLSAI2_Config
                0x0000000008003608      0x1e0 Drivers/STM32L4xx_HAL_Driver/stm32l4xx_hal_rcc_ex.o
 .text.HAL_TIM_Base_Init
                0x00000000080037e8       0x56 Drivers/STM32L4xx_HAL_Driver/stm32l4xx_hal_tim.o
                0x00000000080037e8                HAL_TIM_Base_Init
 .text.HAL_TIM_Base_MspInit
                0x000000000800383e       0x14 Drivers/STM32L4xx_HAL_Driver/stm32l4xx_hal_tim.o
                0x000000000800383e                HAL_TIM_Base_MspInit
 *fill*         0x0000000008003852        0x2 
 .text.HAL_TIM_Base_Start_IT
                0x0000000008003854       0x54 Drivers/STM32L4xx_HAL_Driver/stm32l4xx_hal_tim.o
                0x0000000008003854                HAL_TIM_Base_Start_IT
 .text.HAL_TIM_IRQHandler
                0x00000000080038a8      0x23e Drivers/STM32L4xx_HAL_Driver/stm32l4xx_hal_tim.o
                0x00000000080038a8                HAL_TIM_IRQHandler
 .text.HAL_TIM_OC_DelayElapsedCallback
                0x0000000008003ae6       0x14 Drivers/STM32L4xx_HAL_Driver/stm32l4xx_hal_tim.o
                0x0000000008003ae6                HAL_TIM_OC_DelayElapsedCallback
 .text.HAL_TIM_IC_CaptureCallback
                0x0000000008003afa       0x14 Drivers/STM32L4xx_HAL_Driver/stm32l4xx_hal_tim.o
                0x0000000008003afa                HAL_TIM_IC_CaptureCallback
 .text.HAL_TIM_PWM_PulseFinishedCallback
                0x0000000008003b0e       0x14 Drivers/STM32L4xx_HAL_Driver/stm32l4xx_hal_tim.o
                0x0000000008003b0e                HAL_TIM_PWM_PulseFinishedCallback
 .text.HAL_TIM_TriggerCallback
                0x0000000008003b22       0x14 Drivers/STM32L4xx_HAL_Driver/stm32l4xx_hal_tim.o
                0x0000000008003b22                HAL_TIM_TriggerCallback
 *fill*         0x0000000008003b36        0x2 
 .text.TIM_Base_SetConfig
                0x0000000008003b38      0x134 Drivers/STM32L4xx_HAL_Driver/stm32l4xx_hal_tim.o
                0x0000000008003b38                TIM_Base_SetConfig
 .text.HAL_TIMEx_CommutCallback
                0x0000000008003c6c       0x14 Drivers/STM32L4xx_HAL_Driver/stm32l4xx_hal_tim_ex.o
                0x0000000008003c6c                HAL_TIMEx_CommutCallback
 .text.HAL_TIMEx_BreakCallback
                0x0000000008003c80       0x14 Drivers/STM32L4xx_HAL_Driver/stm32l4xx_hal_tim_ex.o
                0x0000000008003c80                HAL_TIMEx_BreakCallback
 .text.HAL_TIMEx_Break2Callback
                0x0000000008003c94       0x14 Drivers/STM32L4xx_HAL_Driver/stm32l4xx_hal_tim_ex.o
                0x0000000008003c94                HAL_TIMEx_Break2Callback
 .text.makeFreeRtosPriority
                0x0000000008003ca8       0x30 Middlewares/FreeRTOS/cmsis_os.o
 .text.osKernelStart
                0x0000000008003cd8        0xe Middlewares/FreeRTOS/cmsis_os.o
                0x0000000008003cd8                osKernelStart
 .text.osThreadCreate
                0x0000000008003ce6       0x98 Middlewares/FreeRTOS/cmsis_os.o
                0x0000000008003ce6                osThreadCreate
 .text.osDelay  0x0000000008003d7e       0x28 Middlewares/FreeRTOS/cmsis_os.o
                0x0000000008003d7e                osDelay
 *fill*         0x0000000008003da6        0x2 
 .text.pvPortMalloc
                0x0000000008003da8      0x184 Middlewares/FreeRTOS/heap_4.o
                0x0000000008003da8                pvPortMalloc
 .text.vPortFree
                0x0000000008003f2c       0xb0 Middlewares/FreeRTOS/heap_4.o
                0x0000000008003f2c                vPortFree
 .text.prvHeapInit
                0x0000000008003fdc       0xc4 Middlewares/FreeRTOS/heap_4.o
 .text.prvInsertBlockIntoFreeList
                0x00000000080040a0       0xb4 Middlewares/FreeRTOS/heap_4.o
 .text.vListInitialise
                0x0000000008004154       0x40 Middlewares/FreeRTOS/list.o
                0x0000000008004154                vListInitialise
 .text.vListInitialiseItem
                0x0000000008004194       0x1a Middlewares/FreeRTOS/list.o
                0x0000000008004194                vListInitialiseItem
 .text.vListInsertEnd
                0x00000000080041ae       0x48 Middlewares/FreeRTOS/list.o
                0x00000000080041ae                vListInsertEnd
 .text.vListInsert
                0x00000000080041f6       0x72 Middlewares/FreeRTOS/list.o
                0x00000000080041f6                vListInsert
 .text.uxListRemove
                0x0000000008004268       0x54 Middlewares/FreeRTOS/list.o
                0x0000000008004268                uxListRemove
 .text.pxPortInitialiseStack
                0x00000000080042bc       0x68 Middlewares/FreeRTOS/port.o
                0x00000000080042bc                pxPortInitialiseStack
 .text.prvTaskExitError
                0x0000000008004324       0x54 Middlewares/FreeRTOS/port.o
 *fill*         0x0000000008004378        0x8 
 .text.SVC_Handler
                0x0000000008004380       0x28 Middlewares/FreeRTOS/port.o
                0x0000000008004380                SVC_Handler
 .text.prvPortStartFirstTask
                0x00000000080043a8       0x28 Middlewares/FreeRTOS/port.o
 .text.xPortStartScheduler
                0x00000000080043d0      0x13c Middlewares/FreeRTOS/port.o
                0x00000000080043d0                xPortStartScheduler
 .text.vPortEnterCritical
                0x000000000800450c       0x5c Middlewares/FreeRTOS/port.o
                0x000000000800450c                vPortEnterCritical
 .text.vPortExitCritical
                0x0000000008004568       0x50 Middlewares/FreeRTOS/port.o
                0x0000000008004568                vPortExitCritical
 *fill*         0x00000000080045b8        0x8 
 .text.PendSV_Handler
                0x00000000080045c0       0x68 Middlewares/FreeRTOS/port.o
                0x00000000080045c0                PendSV_Handler
 .text.SysTick_Handler
                0x0000000008004628       0x40 Middlewares/FreeRTOS/port.o
                0x0000000008004628                SysTick_Handler
 .text.vPortSetupTimerInterrupt
                0x0000000008004668       0x48 Middlewares/FreeRTOS/port.o
                0x0000000008004668                vPortSetupTimerInterrupt
 .text.vPortEnableVFP
                0x00000000080046b0       0x14 Middlewares/FreeRTOS/port.o
 .text.xTaskCreateStatic
                0x00000000080046c4       0xb4 Middlewares/FreeRTOS/tasks.o
                0x00000000080046c4                xTaskCreateStatic
 .text.xTaskCreate
                0x0000000008004778       0x8a Middlewares/FreeRTOS/tasks.o
                0x0000000008004778                xTaskCreate
 .text.prvInitialiseNewTask
                0x0000000008004802      0x10c Middlewares/FreeRTOS/tasks.o
 *fill*         0x000000000800490e        0x2 
 .text.prvAddNewTaskToReadyList
                0x0000000008004910       0xd4 Middlewares/FreeRTOS/tasks.o
 .text.vTaskDelay
                0x00000000080049e4       0x68 Middlewares/FreeRTOS/tasks.o
                0x00000000080049e4                vTaskDelay
 .text.vTaskStartScheduler
                0x0000000008004a4c       0xbc Middlewares/FreeRTOS/tasks.o
                0x0000000008004a4c                vTaskStartScheduler
 .text.vTaskSuspendAll
                0x0000000008004b08       0x1c Middlewares/FreeRTOS/tasks.o
                0x0000000008004b08                vTaskSuspendAll
 .text.xTaskResumeAll
                0x0000000008004b24      0x138 Middlewares/FreeRTOS/tasks.o
                0x0000000008004b24                xTaskResumeAll
 .text.xTaskIncrementTick
                0x0000000008004c5c      0x170 Middlewares/FreeRTOS/tasks.o
                0x0000000008004c5c                xTaskIncrementTick
 .text.vTaskSwitchContext
                0x0000000008004dcc       0xb4 Middlewares/FreeRTOS/tasks.o
                0x0000000008004dcc                vTaskSwitchContext
 .text.prvIdleTask
                0x0000000008004e80       0x30 Middlewares/FreeRTOS/tasks.o
 .text.prvInitialiseTaskLists
                0x0000000008004eb0       0x80 Middlewares/FreeRTOS/tasks.o
 .text.prvCheckTasksWaitingTermination
                0x0000000008004f30       0x58 Middlewares/FreeRTOS/tasks.o
 .text.prvDeleteTCB
                0x0000000008004f88       0x5c Middlewares/FreeRTOS/tasks.o
 .text.prvResetNextTaskUnblockTime
                0x0000000008004fe4       0x40 Middlewares/FreeRTOS/tasks.o
 .text.prvAddCurrentTaskToDelayedList
                0x0000000008005024       0xcc Middlewares/FreeRTOS/tasks.o
 .text.__libc_init_array
                0x00000000080050f0       0x48 c:/st/stm32cubeide_1.5.1/stm32cubeide/plugins/com.st.stm32cube.ide.mcu.externaltools.gnu-tools-for-stm32.7-2018-q2-update.win32_1.5.0.202011040924/tools/bin/../lib/gcc/arm-none-eabi/7.3.1/../../../../arm-none-eabi/lib/thumb/v7e-m/fpv4-sp/hard\libc_nano.a(lib_a-init.o)
                0x00000000080050f0                __libc_init_array
 .text.memset   0x0000000008005138       0x10 c:/st/stm32cubeide_1.5.1/stm32cubeide/plugins/com.st.stm32cube.ide.mcu.externaltools.gnu-tools-for-stm32.7-2018-q2-update.win32_1.5.0.202011040924/tools/bin/../lib/gcc/arm-none-eabi/7.3.1/../../../../arm-none-eabi/lib/thumb/v7e-m/fpv4-sp/hard\libc_nano.a(lib_a-memset.o)
                0x0000000008005138                memset
 *(.glue_7)
 .glue_7        0x0000000008005148        0x0 linker stubs
 *(.glue_7t)
 .glue_7t       0x0000000008005148        0x0 linker stubs
 *(.eh_frame)
 .eh_frame      0x0000000008005148        0x0 c:/st/stm32cubeide_1.5.1/stm32cubeide/plugins/com.st.stm32cube.ide.mcu.externaltools.gnu-tools-for-stm32.7-2018-q2-update.win32_1.5.0.202011040924/tools/bin/../lib/gcc/arm-none-eabi/7.3.1/thumb/v7e-m/fpv4-sp/hard/crtbegin.o
 *(.init)
 .init          0x0000000008005148        0x4 c:/st/stm32cubeide_1.5.1/stm32cubeide/plugins/com.st.stm32cube.ide.mcu.externaltools.gnu-tools-for-stm32.7-2018-q2-update.win32_1.5.0.202011040924/tools/bin/../lib/gcc/arm-none-eabi/7.3.1/thumb/v7e-m/fpv4-sp/hard/crti.o
                0x0000000008005148                _init
 .init          0x000000000800514c        0x8 c:/st/stm32cubeide_1.5.1/stm32cubeide/plugins/com.st.stm32cube.ide.mcu.externaltools.gnu-tools-for-stm32.7-2018-q2-update.win32_1.5.0.202011040924/tools/bin/../lib/gcc/arm-none-eabi/7.3.1/thumb/v7e-m/fpv4-sp/hard/crtn.o
 *(.fini)
 .fini          0x0000000008005154        0x4 c:/st/stm32cubeide_1.5.1/stm32cubeide/plugins/com.st.stm32cube.ide.mcu.externaltools.gnu-tools-for-stm32.7-2018-q2-update.win32_1.5.0.202011040924/tools/bin/../lib/gcc/arm-none-eabi/7.3.1/thumb/v7e-m/fpv4-sp/hard/crti.o
                0x0000000008005154                _fini
 .fini          0x0000000008005158        0x8 c:/st/stm32cubeide_1.5.1/stm32cubeide/plugins/com.st.stm32cube.ide.mcu.externaltools.gnu-tools-for-stm32.7-2018-q2-update.win32_1.5.0.202011040924/tools/bin/../lib/gcc/arm-none-eabi/7.3.1/thumb/v7e-m/fpv4-sp/hard/crtn.o
                0x0000000008005160                . = ALIGN (0x4)
                0x0000000008005160                _etext = .

.vfp11_veneer   0x0000000008005160        0x0
 .vfp11_veneer  0x0000000008005160        0x0 linker stubs

.v4_bx          0x0000000008005160        0x0
 .v4_bx         0x0000000008005160        0x0 linker stubs

.iplt           0x0000000008005160        0x0
 .iplt          0x0000000008005160        0x0 c:/st/stm32cubeide_1.5.1/stm32cubeide/plugins/com.st.stm32cube.ide.mcu.externaltools.gnu-tools-for-stm32.7-2018-q2-update.win32_1.5.0.202011040924/tools/bin/../lib/gcc/arm-none-eabi/7.3.1/thumb/v7e-m/fpv4-sp/hard/crtbegin.o

.rodata         0x0000000008005160       0x78
                0x0000000008005160                . = ALIGN (0x4)
 *(.rodata)
 .rodata        0x0000000008005160       0x28 Core/Src/main.o
 .rodata        0x0000000008005188        0x5 Middlewares/FreeRTOS/tasks.o
 *(.rodata*)
 *fill*         0x000000000800518d        0x3 
 .rodata.AHBPrescTable
                0x0000000008005190       0x10 Core/Src/system_stm32l4xx.o
                0x0000000008005190                AHBPrescTable
 .rodata.APBPrescTable
                0x00000000080051a0        0x8 Core/Src/system_stm32l4xx.o
                0x00000000080051a0                APBPrescTable
 .rodata.MSIRangeTable
                0x00000000080051a8       0x30 Core/Src/system_stm32l4xx.o
                0x00000000080051a8                MSIRangeTable
                0x00000000080051d8                . = ALIGN (0x4)

.rel.dyn        0x00000000080051d8        0x0
 .rel.iplt      0x00000000080051d8        0x0 c:/st/stm32cubeide_1.5.1/stm32cubeide/plugins/com.st.stm32cube.ide.mcu.externaltools.gnu-tools-for-stm32.7-2018-q2-update.win32_1.5.0.202011040924/tools/bin/../lib/gcc/arm-none-eabi/7.3.1/thumb/v7e-m/fpv4-sp/hard/crtbegin.o

.ARM.extab      0x00000000080051d8        0x0
                0x00000000080051d8                . = ALIGN (0x4)
 *(.ARM.extab* .gnu.linkonce.armextab.*)
                0x00000000080051d8                . = ALIGN (0x4)

.ARM            0x00000000080051d8        0x0
                0x00000000080051d8                . = ALIGN (0x4)
                0x00000000080051d8                __exidx_start = .
 *(.ARM.exidx*)
                0x00000000080051d8                __exidx_end = .
                0x00000000080051d8                . = ALIGN (0x4)

.preinit_array  0x00000000080051d8        0x0
                0x00000000080051d8                . = ALIGN (0x4)
                0x00000000080051d8                PROVIDE (__preinit_array_start = .)
 *(.preinit_array*)
                0x00000000080051d8                PROVIDE (__preinit_array_end = .)
                0x00000000080051d8                . = ALIGN (0x4)

.init_array     0x00000000080051d8        0x4
                0x00000000080051d8                . = ALIGN (0x4)
                0x00000000080051d8                PROVIDE (__init_array_start = .)
 *(SORT_BY_NAME(.init_array.*))
 *(.init_array*)
 .init_array    0x00000000080051d8        0x4 c:/st/stm32cubeide_1.5.1/stm32cubeide/plugins/com.st.stm32cube.ide.mcu.externaltools.gnu-tools-for-stm32.7-2018-q2-update.win32_1.5.0.202011040924/tools/bin/../lib/gcc/arm-none-eabi/7.3.1/thumb/v7e-m/fpv4-sp/hard/crtbegin.o
                0x00000000080051dc                PROVIDE (__init_array_end = .)
                0x00000000080051dc                . = ALIGN (0x4)

.fini_array     0x00000000080051dc        0x4
                0x00000000080051dc                . = ALIGN (0x4)
                [!provide]                        PROVIDE (__fini_array_start = .)
 *(SORT_BY_NAME(.fini_array.*))
 *(.fini_array*)
 .fini_array    0x00000000080051dc        0x4 c:/st/stm32cubeide_1.5.1/stm32cubeide/plugins/com.st.stm32cube.ide.mcu.externaltools.gnu-tools-for-stm32.7-2018-q2-update.win32_1.5.0.202011040924/tools/bin/../lib/gcc/arm-none-eabi/7.3.1/thumb/v7e-m/fpv4-sp/hard/crtbegin.o
                [!provide]                        PROVIDE (__fini_array_end = .)
                0x00000000080051e0                . = ALIGN (0x4)
                0x00000000080051e0                _sidata = LOADADDR (.data)

.data           0x0000000020000000       0x10 load address 0x00000000080051e0
                0x0000000020000000                . = ALIGN (0x4)
                0x0000000020000000                _sdata = .
 *(.data)
 *(.data*)
 .data.SystemCoreClock
                0x0000000020000000        0x4 Core/Src/system_stm32l4xx.o
                0x0000000020000000                SystemCoreClock
 .data.uwTickPrio
                0x0000000020000004        0x4 Drivers/STM32L4xx_HAL_Driver/stm32l4xx_hal.o
                0x0000000020000004                uwTickPrio
 .data.uwTickFreq
                0x0000000020000008        0x4 Drivers/STM32L4xx_HAL_Driver/stm32l4xx_hal.o
                0x0000000020000008                uwTickFreq
 .data.uxCriticalNesting
                0x000000002000000c        0x4 Middlewares/FreeRTOS/port.o
                0x0000000020000010                . = ALIGN (0x4)
                0x0000000020000010                _edata = .

.igot.plt       0x0000000020000010        0x0 load address 0x00000000080051f0
 .igot.plt      0x0000000020000010        0x0 c:/st/stm32cubeide_1.5.1/stm32cubeide/plugins/com.st.stm32cube.ide.mcu.externaltools.gnu-tools-for-stm32.7-2018-q2-update.win32_1.5.0.202011040924/tools/bin/../lib/gcc/arm-none-eabi/7.3.1/thumb/v7e-m/fpv4-sp/hard/crtbegin.o
                0x0000000020000010                . = ALIGN (0x4)

.bss            0x0000000020000010     0x1bcc load address 0x00000000080051f0
                0x0000000020000010                _sbss = .
                0x0000000020000010                __bss_start__ = _sbss
 *(.bss)
 .bss           0x0000000020000010       0x1c c:/st/stm32cubeide_1.5.1/stm32cubeide/plugins/com.st.stm32cube.ide.mcu.externaltools.gnu-tools-for-stm32.7-2018-q2-update.win32_1.5.0.202011040924/tools/bin/../lib/gcc/arm-none-eabi/7.3.1/thumb/v7e-m/fpv4-sp/hard/crtbegin.o
 *(.bss*)
 .bss.xIdleTaskTCBBuffer
                0x000000002000002c       0x54 Core/Src/freertos.o
 .bss.xIdleStack
                0x0000000020000080      0x200 Core/Src/freertos.o
 .bss.ucHeap    0x0000000020000280     0x1770 Middlewares/FreeRTOS/heap_4.o
 .bss.xStart    0x00000000200019f0        0x8 Middlewares/FreeRTOS/heap_4.o
 .bss.pxEnd     0x00000000200019f8        0x4 Middlewares/FreeRTOS/heap_4.o
 .bss.xFreeBytesRemaining
                0x00000000200019fc        0x4 Middlewares/FreeRTOS/heap_4.o
 .bss.xMinimumEverFreeBytesRemaining
                0x0000000020001a00        0x4 Middlewares/FreeRTOS/heap_4.o
 .bss.xBlockAllocatedBit
                0x0000000020001a04        0x4 Middlewares/FreeRTOS/heap_4.o
 .bss.ucMaxSysCallPriority
                0x0000000020001a08        0x1 Middlewares/FreeRTOS/port.o
 *fill*         0x0000000020001a09        0x3 
 .bss.ulMaxPRIGROUPValue
                0x0000000020001a0c        0x4 Middlewares/FreeRTOS/port.o
 .bss.pxCurrentTCB
                0x0000000020001a10        0x4 Middlewares/FreeRTOS/tasks.o
                0x0000000020001a10                pxCurrentTCB
 .bss.pxReadyTasksLists
                0x0000000020001a14       0x8c Middlewares/FreeRTOS/tasks.o
 .bss.xDelayedTaskList1
                0x0000000020001aa0       0x14 Middlewares/FreeRTOS/tasks.o
 .bss.xDelayedTaskList2
                0x0000000020001ab4       0x14 Middlewares/FreeRTOS/tasks.o
 .bss.pxDelayedTaskList
                0x0000000020001ac8        0x4 Middlewares/FreeRTOS/tasks.o
 .bss.pxOverflowDelayedTaskList
                0x0000000020001acc        0x4 Middlewares/FreeRTOS/tasks.o
 .bss.xPendingReadyList
                0x0000000020001ad0       0x14 Middlewares/FreeRTOS/tasks.o
 .bss.xTasksWaitingTermination
                0x0000000020001ae4       0x14 Middlewares/FreeRTOS/tasks.o
 .bss.uxDeletedTasksWaitingCleanUp
                0x0000000020001af8        0x4 Middlewares/FreeRTOS/tasks.o
 .bss.xSuspendedTaskList
                0x0000000020001afc       0x14 Middlewares/FreeRTOS/tasks.o
 .bss.uxCurrentNumberOfTasks
                0x0000000020001b10        0x4 Middlewares/FreeRTOS/tasks.o
 .bss.xTickCount
                0x0000000020001b14        0x4 Middlewares/FreeRTOS/tasks.o
 .bss.uxTopReadyPriority
                0x0000000020001b18        0x4 Middlewares/FreeRTOS/tasks.o
 .bss.xSchedulerRunning
                0x0000000020001b1c        0x4 Middlewares/FreeRTOS/tasks.o
 .bss.uxPendedTicks
                0x0000000020001b20        0x4 Middlewares/FreeRTOS/tasks.o
 .bss.xYieldPending
                0x0000000020001b24        0x4 Middlewares/FreeRTOS/tasks.o
 .bss.xNumOfOverflows
                0x0000000020001b28        0x4 Middlewares/FreeRTOS/tasks.o
 .bss.uxTaskNumber
                0x0000000020001b2c        0x4 Middlewares/FreeRTOS/tasks.o
 .bss.xNextTaskUnblockTime
                0x0000000020001b30        0x4 Middlewares/FreeRTOS/tasks.o
 .bss.xIdleTaskHandle
                0x0000000020001b34        0x4 Middlewares/FreeRTOS/tasks.o
 .bss.uxSchedulerSuspended
                0x0000000020001b38        0x4 Middlewares/FreeRTOS/tasks.o
 *(COMMON)
 COMMON         0x0000000020001b3c       0x5c Core/Src/main.o
                0x0000000020001b3c                defaultTaskHandle
                0x0000000020001b40                humm
                0x0000000020001b44                hi2c1
                0x0000000020001b90                temp
                0x0000000020001b94                pressure
 COMMON         0x0000000020001b98       0x40 Core/Src/stm32l4xx_hal_timebase_tim.o
                0x0000000020001b98                htim1
 COMMON         0x0000000020001bd8        0x4 Drivers/STM32L4xx_HAL_Driver/stm32l4xx_hal.o
                0x0000000020001bd8                uwTick
                0x0000000020001bdc                . = ALIGN (0x4)
                0x0000000020001bdc                _ebss = .
                0x0000000020001bdc                __bss_end__ = _ebss

._user_heap_stack
                0x0000000020001bdc      0x604 load address 0x00000000080051f0
                0x0000000020001be0                . = ALIGN (0x8)
 *fill*         0x0000000020001bdc        0x4 
                [!provide]                        PROVIDE (end = .)
                0x0000000020001be0                PROVIDE (_end = .)
                0x0000000020001de0                . = (. + _Min_Heap_Size)
 *fill*         0x0000000020001be0      0x200 
                0x00000000200021e0                . = (. + _Min_Stack_Size)
 *fill*         0x0000000020001de0      0x400 
                0x00000000200021e0                . = ALIGN (0x8)

/DISCARD/
 libc.a(*)
 libm.a(*)
 libgcc.a(*)

.ARM.attributes
                0x0000000000000000       0x30
 *(.ARM.attributes)
 .ARM.attributes
                0x0000000000000000       0x22 c:/st/stm32cubeide_1.5.1/stm32cubeide/plugins/com.st.stm32cube.ide.mcu.externaltools.gnu-tools-for-stm32.7-2018-q2-update.win32_1.5.0.202011040924/tools/bin/../lib/gcc/arm-none-eabi/7.3.1/thumb/v7e-m/fpv4-sp/hard/crti.o
 .ARM.attributes
                0x0000000000000022       0x34 c:/st/stm32cubeide_1.5.1/stm32cubeide/plugins/com.st.stm32cube.ide.mcu.externaltools.gnu-tools-for-stm32.7-2018-q2-update.win32_1.5.0.202011040924/tools/bin/../lib/gcc/arm-none-eabi/7.3.1/thumb/v7e-m/fpv4-sp/hard/crtbegin.o
 .ARM.attributes
                0x0000000000000056       0x39 Core/Src/freertos.o
 .ARM.attributes
                0x000000000000008f       0x39 Core/Src/main.o
 .ARM.attributes
                0x00000000000000c8       0x39 Core/Src/stm32l4xx_hal_msp.o
 .ARM.attributes
                0x0000000000000101       0x39 Core/Src/stm32l4xx_hal_timebase_tim.o
 .ARM.attributes
                0x000000000000013a       0x39 Core/Src/stm32l4xx_it.o
 .ARM.attributes
                0x0000000000000173       0x39 Core/Src/system_stm32l4xx.o
 .ARM.attributes
                0x00000000000001ac       0x21 Core/Startup/startup_stm32l4r5zitx.o
 .ARM.attributes
                0x00000000000001cd       0x39 Drivers/STM32L4xx_HAL_Driver/stm32l4xx_hal.o
 .ARM.attributes
                0x0000000000000206       0x39 Drivers/STM32L4xx_HAL_Driver/stm32l4xx_hal_cortex.o
 .ARM.attributes
                0x000000000000023f       0x39 Drivers/STM32L4xx_HAL_Driver/stm32l4xx_hal_gpio.o
 .ARM.attributes
                0x0000000000000278       0x39 Drivers/STM32L4xx_HAL_Driver/stm32l4xx_hal_i2c.o
 .ARM.attributes
                0x00000000000002b1       0x39 Drivers/STM32L4xx_HAL_Driver/stm32l4xx_hal_i2c_ex.o
 .ARM.attributes
                0x00000000000002ea       0x39 Drivers/STM32L4xx_HAL_Driver/stm32l4xx_hal_pwr_ex.o
 .ARM.attributes
                0x0000000000000323       0x39 Drivers/STM32L4xx_HAL_Driver/stm32l4xx_hal_rcc.o
 .ARM.attributes
                0x000000000000035c       0x39 Drivers/STM32L4xx_HAL_Driver/stm32l4xx_hal_rcc_ex.o
 .ARM.attributes
                0x0000000000000395       0x39 Drivers/STM32L4xx_HAL_Driver/stm32l4xx_hal_tim.o
 .ARM.attributes
                0x00000000000003ce       0x39 Drivers/STM32L4xx_HAL_Driver/stm32l4xx_hal_tim_ex.o
 .ARM.attributes
                0x0000000000000407       0x39 Middlewares/FreeRTOS/cmsis_os.o
 .ARM.attributes
                0x0000000000000440       0x39 Middlewares/FreeRTOS/heap_4.o
 .ARM.attributes
                0x0000000000000479       0x39 Middlewares/FreeRTOS/list.o
 .ARM.attributes
                0x00000000000004b2       0x39 Middlewares/FreeRTOS/port.o
 .ARM.attributes
                0x00000000000004eb       0x39 Middlewares/FreeRTOS/tasks.o
 .ARM.attributes
                0x0000000000000524       0x34 c:/st/stm32cubeide_1.5.1/stm32cubeide/plugins/com.st.stm32cube.ide.mcu.externaltools.gnu-tools-for-stm32.7-2018-q2-update.win32_1.5.0.202011040924/tools/bin/../lib/gcc/arm-none-eabi/7.3.1/../../../../arm-none-eabi/lib/thumb/v7e-m/fpv4-sp/hard\libc_nano.a(lib_a-init.o)
 .ARM.attributes
                0x0000000000000558       0x34 c:/st/stm32cubeide_1.5.1/stm32cubeide/plugins/com.st.stm32cube.ide.mcu.externaltools.gnu-tools-for-stm32.7-2018-q2-update.win32_1.5.0.202011040924/tools/bin/../lib/gcc/arm-none-eabi/7.3.1/../../../../arm-none-eabi/lib/thumb/v7e-m/fpv4-sp/hard\libc_nano.a(lib_a-memset.o)
 .ARM.attributes
                0x000000000000058c       0x22 c:/st/stm32cubeide_1.5.1/stm32cubeide/plugins/com.st.stm32cube.ide.mcu.externaltools.gnu-tools-for-stm32.7-2018-q2-update.win32_1.5.0.202011040924/tools/bin/../lib/gcc/arm-none-eabi/7.3.1/thumb/v7e-m/fpv4-sp/hard/crtn.o
OUTPUT(XnucleoSensor.elf elf32-littlearm)

.debug_info     0x0000000000000000    0x161ab
 .debug_info    0x0000000000000000      0x452 Core/Src/freertos.o
 .debug_info    0x0000000000000452     0x15d3 Core/Src/main.o
 .debug_info    0x0000000000001a25      0xec0 Core/Src/stm32l4xx_hal_msp.o
 .debug_info    0x00000000000028e5      0xddd Core/Src/stm32l4xx_hal_timebase_tim.o
 .debug_info    0x00000000000036c2      0x8be Core/Src/stm32l4xx_it.o
 .debug_info    0x0000000000003f80      0x72a Core/Src/system_stm32l4xx.o
 .debug_info    0x00000000000046aa       0x22 Core/Startup/startup_stm32l4r5zitx.o
 .debug_info    0x00000000000046cc      0xc39 Drivers/STM32L4xx_HAL_Driver/stm32l4xx_hal.o
 .debug_info    0x0000000000005305      0xf54 Drivers/STM32L4xx_HAL_Driver/stm32l4xx_hal_cortex.o
 .debug_info    0x0000000000006259      0x9b6 Drivers/STM32L4xx_HAL_Driver/stm32l4xx_hal_gpio.o
 .debug_info    0x0000000000006c0f     0x21e2 Drivers/STM32L4xx_HAL_Driver/stm32l4xx_hal_i2c.o
 .debug_info    0x0000000000008df1      0xc88 Drivers/STM32L4xx_HAL_Driver/stm32l4xx_hal_i2c_ex.o
 .debug_info    0x0000000000009a79      0xb90 Drivers/STM32L4xx_HAL_Driver/stm32l4xx_hal_pwr_ex.o
 .debug_info    0x000000000000a609      0xe19 Drivers/STM32L4xx_HAL_Driver/stm32l4xx_hal_rcc.o
 .debug_info    0x000000000000b422     0x123c Drivers/STM32L4xx_HAL_Driver/stm32l4xx_hal_rcc_ex.o
 .debug_info    0x000000000000c65e     0x2775 Drivers/STM32L4xx_HAL_Driver/stm32l4xx_hal_tim.o
 .debug_info    0x000000000000edd3     0x14de Drivers/STM32L4xx_HAL_Driver/stm32l4xx_hal_tim_ex.o
 .debug_info    0x00000000000102b1     0x1e7e Middlewares/FreeRTOS/cmsis_os.o
 .debug_info    0x000000000001212f      0xbea Middlewares/FreeRTOS/heap_4.o
 .debug_info    0x0000000000012d19      0xacb Middlewares/FreeRTOS/list.o
 .debug_info    0x00000000000137e4      0x533 Middlewares/FreeRTOS/port.o
 .debug_info    0x0000000000013d17     0x2494 Middlewares/FreeRTOS/tasks.o

.debug_abbrev   0x0000000000000000     0x2c4d
 .debug_abbrev  0x0000000000000000      0x125 Core/Src/freertos.o
 .debug_abbrev  0x0000000000000125      0x29d Core/Src/main.o
 .debug_abbrev  0x00000000000003c2      0x1a0 Core/Src/stm32l4xx_hal_msp.o
 .debug_abbrev  0x0000000000000562      0x19d Core/Src/stm32l4xx_hal_timebase_tim.o
 .debug_abbrev  0x00000000000006ff      0x15a Core/Src/stm32l4xx_it.o
 .debug_abbrev  0x0000000000000859      0x150 Core/Src/system_stm32l4xx.o
 .debug_abbrev  0x00000000000009a9       0x12 Core/Startup/startup_stm32l4r5zitx.o
 .debug_abbrev  0x00000000000009bb      0x1fb Drivers/STM32L4xx_HAL_Driver/stm32l4xx_hal.o
 .debug_abbrev  0x0000000000000bb6      0x2fa Drivers/STM32L4xx_HAL_Driver/stm32l4xx_hal_cortex.o
 .debug_abbrev  0x0000000000000eb0      0x1c0 Drivers/STM32L4xx_HAL_Driver/stm32l4xx_hal_gpio.o
 .debug_abbrev  0x0000000000001070      0x22a Drivers/STM32L4xx_HAL_Driver/stm32l4xx_hal_i2c.o
 .debug_abbrev  0x000000000000129a      0x1b9 Drivers/STM32L4xx_HAL_Driver/stm32l4xx_hal_i2c_ex.o
 .debug_abbrev  0x0000000000001453      0x1cb Drivers/STM32L4xx_HAL_Driver/stm32l4xx_hal_pwr_ex.o
 .debug_abbrev  0x000000000000161e      0x27b Drivers/STM32L4xx_HAL_Driver/stm32l4xx_hal_rcc.o
 .debug_abbrev  0x0000000000001899      0x238 Drivers/STM32L4xx_HAL_Driver/stm32l4xx_hal_rcc_ex.o
 .debug_abbrev  0x0000000000001ad1      0x230 Drivers/STM32L4xx_HAL_Driver/stm32l4xx_hal_tim.o
 .debug_abbrev  0x0000000000001d01      0x21e Drivers/STM32L4xx_HAL_Driver/stm32l4xx_hal_tim_ex.o
 .debug_abbrev  0x0000000000001f1f      0x379 Middlewares/FreeRTOS/cmsis_os.o
 .debug_abbrev  0x0000000000002298      0x29e Middlewares/FreeRTOS/heap_4.o
 .debug_abbrev  0x0000000000002536      0x1cf Middlewares/FreeRTOS/list.o
 .debug_abbrev  0x0000000000002705      0x210 Middlewares/FreeRTOS/port.o
 .debug_abbrev  0x0000000000002915      0x338 Middlewares/FreeRTOS/tasks.o

.debug_aranges  0x0000000000000000     0x13a8
 .debug_aranges
                0x0000000000000000       0x20 Core/Src/freertos.o
 .debug_aranges
                0x0000000000000020       0x50 Core/Src/main.o
 .debug_aranges
                0x0000000000000070       0x30 Core/Src/stm32l4xx_hal_msp.o
 .debug_aranges
                0x00000000000000a0       0x30 Core/Src/stm32l4xx_hal_timebase_tim.o
 .debug_aranges
                0x00000000000000d0       0x50 Core/Src/stm32l4xx_it.o
 .debug_aranges
                0x0000000000000120       0x28 Core/Src/system_stm32l4xx.o
 .debug_aranges
                0x0000000000000148       0x28 Core/Startup/startup_stm32l4r5zitx.o
 .debug_aranges
                0x0000000000000170      0x130 Drivers/STM32L4xx_HAL_Driver/stm32l4xx_hal.o
 .debug_aranges
                0x00000000000002a0      0x118 Drivers/STM32L4xx_HAL_Driver/stm32l4xx_hal_cortex.o
 .debug_aranges
                0x00000000000003b8       0x58 Drivers/STM32L4xx_HAL_Driver/stm32l4xx_hal_gpio.o
 .debug_aranges
                0x0000000000000410      0x290 Drivers/STM32L4xx_HAL_Driver/stm32l4xx_hal_i2c.o
 .debug_aranges
                0x00000000000006a0       0x48 Drivers/STM32L4xx_HAL_Driver/stm32l4xx_hal_i2c_ex.o
 .debug_aranges
                0x00000000000006e8      0x170 Drivers/STM32L4xx_HAL_Driver/stm32l4xx_hal_pwr_ex.o
 .debug_aranges
                0x0000000000000858       0x90 Drivers/STM32L4xx_HAL_Driver/stm32l4xx_hal_rcc.o
 .debug_aranges
                0x00000000000008e8      0x110 Drivers/STM32L4xx_HAL_Driver/stm32l4xx_hal_rcc_ex.o
 .debug_aranges
                0x00000000000009f8      0x3b8 Drivers/STM32L4xx_HAL_Driver/stm32l4xx_hal_tim.o
 .debug_aranges
                0x0000000000000db0      0x168 Drivers/STM32L4xx_HAL_Driver/stm32l4xx_hal_tim_ex.o
 .debug_aranges
                0x0000000000000f18      0x1d8 Middlewares/FreeRTOS/cmsis_os.o
 .debug_aranges
                0x00000000000010f0       0x50 Middlewares/FreeRTOS/heap_4.o
 .debug_aranges
                0x0000000000001140       0x40 Middlewares/FreeRTOS/list.o
 .debug_aranges
                0x0000000000001180       0x80 Middlewares/FreeRTOS/port.o
 .debug_aranges
                0x0000000000001200      0x1a8 Middlewares/FreeRTOS/tasks.o

.debug_ranges   0x0000000000000000     0x1250
 .debug_ranges  0x0000000000000000       0x10 Core/Src/freertos.o
 .debug_ranges  0x0000000000000010       0x40 Core/Src/main.o
 .debug_ranges  0x0000000000000050       0x20 Core/Src/stm32l4xx_hal_msp.o
 .debug_ranges  0x0000000000000070       0x20 Core/Src/stm32l4xx_hal_timebase_tim.o
 .debug_ranges  0x0000000000000090       0x40 Core/Src/stm32l4xx_it.o
 .debug_ranges  0x00000000000000d0       0x18 Core/Src/system_stm32l4xx.o
 .debug_ranges  0x00000000000000e8       0x20 Core/Startup/startup_stm32l4r5zitx.o
 .debug_ranges  0x0000000000000108      0x120 Drivers/STM32L4xx_HAL_Driver/stm32l4xx_hal.o
 .debug_ranges  0x0000000000000228      0x108 Drivers/STM32L4xx_HAL_Driver/stm32l4xx_hal_cortex.o
 .debug_ranges  0x0000000000000330       0x48 Drivers/STM32L4xx_HAL_Driver/stm32l4xx_hal_gpio.o
 .debug_ranges  0x0000000000000378      0x280 Drivers/STM32L4xx_HAL_Driver/stm32l4xx_hal_i2c.o
 .debug_ranges  0x00000000000005f8       0x38 Drivers/STM32L4xx_HAL_Driver/stm32l4xx_hal_i2c_ex.o
 .debug_ranges  0x0000000000000630      0x160 Drivers/STM32L4xx_HAL_Driver/stm32l4xx_hal_pwr_ex.o
 .debug_ranges  0x0000000000000790       0x80 Drivers/STM32L4xx_HAL_Driver/stm32l4xx_hal_rcc.o
 .debug_ranges  0x0000000000000810      0x100 Drivers/STM32L4xx_HAL_Driver/stm32l4xx_hal_rcc_ex.o
 .debug_ranges  0x0000000000000910      0x3a8 Drivers/STM32L4xx_HAL_Driver/stm32l4xx_hal_tim.o
 .debug_ranges  0x0000000000000cb8      0x158 Drivers/STM32L4xx_HAL_Driver/stm32l4xx_hal_tim_ex.o
 .debug_ranges  0x0000000000000e10      0x1c8 Middlewares/FreeRTOS/cmsis_os.o
 .debug_ranges  0x0000000000000fd8       0x40 Middlewares/FreeRTOS/heap_4.o
 .debug_ranges  0x0000000000001018       0x30 Middlewares/FreeRTOS/list.o
 .debug_ranges  0x0000000000001048       0x70 Middlewares/FreeRTOS/port.o
 .debug_ranges  0x00000000000010b8      0x198 Middlewares/FreeRTOS/tasks.o

.debug_macro    0x0000000000000000    0x2acf6
 .debug_macro   0x0000000000000000      0x245 Core/Src/freertos.o
 .debug_macro   0x0000000000000245      0xa5a Core/Src/freertos.o
 .debug_macro   0x0000000000000c9f      0x174 Core/Src/freertos.o
 .debug_macro   0x0000000000000e13       0x22 Core/Src/freertos.o
 .debug_macro   0x0000000000000e35       0x8e Core/Src/freertos.o
 .debug_macro   0x0000000000000ec3       0x51 Core/Src/freertos.o
 .debug_macro   0x0000000000000f14       0xef Core/Src/freertos.o
 .debug_macro   0x0000000000001003       0x6a Core/Src/freertos.o
 .debug_macro   0x000000000000106d      0x1df Core/Src/freertos.o
 .debug_macro   0x000000000000124c       0xea Core/Src/freertos.o
 .debug_macro   0x0000000000001336      0x15a Core/Src/freertos.o
 .debug_macro   0x0000000000001490       0xde Core/Src/freertos.o
 .debug_macro   0x000000000000156e       0x1c Core/Src/freertos.o
 .debug_macro   0x000000000000158a       0x26 Core/Src/freertos.o
 .debug_macro   0x00000000000015b0      0x4e8 Core/Src/freertos.o
 .debug_macro   0x0000000000001a98       0xb5 Core/Src/freertos.o
 .debug_macro   0x0000000000001b4d       0xaa Core/Src/freertos.o
 .debug_macro   0x0000000000001bf7      0x1a7 Core/Src/freertos.o
 .debug_macro   0x0000000000001d9e       0x2e Core/Src/freertos.o
 .debug_macro   0x0000000000001dcc       0x28 Core/Src/freertos.o
 .debug_macro   0x0000000000001df4       0x1c Core/Src/freertos.o
 .debug_macro   0x0000000000001e10       0x22 Core/Src/freertos.o
 .debug_macro   0x0000000000001e32       0xdf Core/Src/freertos.o
 .debug_macro   0x0000000000001f11     0x102d Core/Src/freertos.o
 .debug_macro   0x0000000000002f3e      0x11f Core/Src/freertos.o
 .debug_macro   0x000000000000305d    0x1cb6c Core/Src/freertos.o
 .debug_macro   0x000000000001fbc9       0x43 Core/Src/freertos.o
 .debug_macro   0x000000000001fc0c     0x3897 Core/Src/freertos.o
 .debug_macro   0x00000000000234a3       0x5c Core/Src/freertos.o
 .debug_macro   0x00000000000234ff     0x1845 Core/Src/freertos.o
 .debug_macro   0x0000000000024d44      0x7d5 Core/Src/freertos.o
 .debug_macro   0x0000000000025519      0x13d Core/Src/freertos.o
 .debug_macro   0x0000000000025656      0x21e Core/Src/freertos.o
 .debug_macro   0x0000000000025874      0x486 Core/Src/freertos.o
 .debug_macro   0x0000000000025cfa      0x1cf Core/Src/freertos.o
 .debug_macro   0x0000000000025ec9       0x43 Core/Src/freertos.o
 .debug_macro   0x0000000000025f0c      0x23d Core/Src/freertos.o
 .debug_macro   0x0000000000026149      0x241 Core/Src/freertos.o
 .debug_macro   0x000000000002638a      0x416 Core/Src/freertos.o
 .debug_macro   0x00000000000267a0       0x1c Core/Src/freertos.o
 .debug_macro   0x00000000000267bc       0xf2 Core/Src/freertos.o
 .debug_macro   0x00000000000268ae      0x22c Core/Src/freertos.o
 .debug_macro   0x0000000000026ada       0x5e Core/Src/freertos.o
 .debug_macro   0x0000000000026b38       0xa5 Core/Src/freertos.o
 .debug_macro   0x0000000000026bdd      0x122 Core/Src/freertos.o
 .debug_macro   0x0000000000026cff      0x3f7 Core/Src/freertos.o
 .debug_macro   0x00000000000270f6      0xa44 Core/Src/freertos.o
 .debug_macro   0x0000000000027b3a      0x197 Core/Src/freertos.o
 .debug_macro   0x0000000000027cd1      0x44c Core/Src/freertos.o
 .debug_macro   0x000000000002811d      0x290 Core/Src/main.o
 .debug_macro   0x00000000000283ad       0xea Core/Src/main.o
 .debug_macro   0x0000000000028497       0x91 Core/Src/main.o
 .debug_macro   0x0000000000028528       0x8d Core/Src/main.o
 .debug_macro   0x00000000000285b5       0x7e Core/Src/main.o
 .debug_macro   0x0000000000028633       0x19 Core/Src/main.o
 .debug_macro   0x000000000002864c       0xf2 Core/Src/main.o
 .debug_macro   0x000000000002873e      0x1dd Core/Src/stm32l4xx_hal_msp.o
 .debug_macro   0x000000000002891b      0x1d3 Core/Src/stm32l4xx_hal_timebase_tim.o
 .debug_macro   0x0000000000028aee      0x1e7 Core/Src/stm32l4xx_it.o
 .debug_macro   0x0000000000028cd5      0x1d9 Core/Src/system_stm32l4xx.o
 .debug_macro   0x0000000000028eae      0x221 Drivers/STM32L4xx_HAL_Driver/stm32l4xx_hal.o
 .debug_macro   0x00000000000290cf      0x1d3 Drivers/STM32L4xx_HAL_Driver/stm32l4xx_hal_cortex.o
 .debug_macro   0x00000000000292a2      0x212 Drivers/STM32L4xx_HAL_Driver/stm32l4xx_hal_gpio.o
 .debug_macro   0x00000000000294b4      0x298 Drivers/STM32L4xx_HAL_Driver/stm32l4xx_hal_i2c.o
 .debug_macro   0x000000000002974c      0x1d3 Drivers/STM32L4xx_HAL_Driver/stm32l4xx_hal_i2c_ex.o
 .debug_macro   0x000000000002991f      0x1fd Drivers/STM32L4xx_HAL_Driver/stm32l4xx_hal_pwr_ex.o
 .debug_macro   0x0000000000029b1c      0x215 Drivers/STM32L4xx_HAL_Driver/stm32l4xx_hal_rcc.o
 .debug_macro   0x0000000000029d31      0x209 Drivers/STM32L4xx_HAL_Driver/stm32l4xx_hal_rcc_ex.o
 .debug_macro   0x0000000000029f3a      0x1d4 Drivers/STM32L4xx_HAL_Driver/stm32l4xx_hal_tim.o
 .debug_macro   0x000000000002a10e      0x1d3 Drivers/STM32L4xx_HAL_Driver/stm32l4xx_hal_tim_ex.o
 .debug_macro   0x000000000002a2e1      0x1f1 Middlewares/FreeRTOS/cmsis_os.o
 .debug_macro   0x000000000002a4d2       0x10 Middlewares/FreeRTOS/cmsis_os.o
 .debug_macro   0x000000000002a4e2       0x20 Middlewares/FreeRTOS/cmsis_os.o
 .debug_macro   0x000000000002a502       0xc7 Middlewares/FreeRTOS/cmsis_os.o
 .debug_macro   0x000000000002a5c9      0x1a1 Middlewares/FreeRTOS/heap_4.o
 .debug_macro   0x000000000002a76a      0x17a Middlewares/FreeRTOS/list.o
 .debug_macro   0x000000000002a8e4      0x196 Middlewares/FreeRTOS/port.o
 .debug_macro   0x000000000002aa7a      0x26c Middlewares/FreeRTOS/tasks.o
 .debug_macro   0x000000000002ace6       0x10 Middlewares/FreeRTOS/tasks.o

.debug_line     0x0000000000000000    0x1019f
 .debug_line    0x0000000000000000      0x930 Core/Src/freertos.o
 .debug_line    0x0000000000000930      0xabf Core/Src/main.o
 .debug_line    0x00000000000013ef      0x7f3 Core/Src/stm32l4xx_hal_msp.o
 .debug_line    0x0000000000001be2      0x7f6 Core/Src/stm32l4xx_hal_timebase_tim.o
 .debug_line    0x00000000000023d8      0x848 Core/Src/stm32l4xx_it.o
 .debug_line    0x0000000000002c20      0x7ed Core/Src/system_stm32l4xx.o
 .debug_line    0x000000000000340d       0x87 Core/Startup/startup_stm32l4r5zitx.o
 .debug_line    0x0000000000003494      0xa9a Drivers/STM32L4xx_HAL_Driver/stm32l4xx_hal.o
 .debug_line    0x0000000000003f2e      0xb23 Drivers/STM32L4xx_HAL_Driver/stm32l4xx_hal_cortex.o
 .debug_line    0x0000000000004a51      0x9ca Drivers/STM32L4xx_HAL_Driver/stm32l4xx_hal_gpio.o
 .debug_line    0x000000000000541b     0x1bdc Drivers/STM32L4xx_HAL_Driver/stm32l4xx_hal_i2c.o
 .debug_line    0x0000000000006ff7      0x940 Drivers/STM32L4xx_HAL_Driver/stm32l4xx_hal_i2c_ex.o
 .debug_line    0x0000000000007937      0xc17 Drivers/STM32L4xx_HAL_Driver/stm32l4xx_hal_pwr_ex.o
 .debug_line    0x000000000000854e      0xb55 Drivers/STM32L4xx_HAL_Driver/stm32l4xx_hal_rcc.o
 .debug_line    0x00000000000090a3      0xfa0 Drivers/STM32L4xx_HAL_Driver/stm32l4xx_hal_rcc_ex.o
 .debug_line    0x000000000000a043     0x1c97 Drivers/STM32L4xx_HAL_Driver/stm32l4xx_hal_tim.o
 .debug_line    0x000000000000bcda      0xf0b Drivers/STM32L4xx_HAL_Driver/stm32l4xx_hal_tim_ex.o
 .debug_line    0x000000000000cbe5      0xda8 Middlewares/FreeRTOS/cmsis_os.o
 .debug_line    0x000000000000d98d      0x800 Middlewares/FreeRTOS/heap_4.o
 .debug_line    0x000000000000e18d      0x71a Middlewares/FreeRTOS/list.o
 .debug_line    0x000000000000e8a7      0x717 Middlewares/FreeRTOS/port.o
 .debug_line    0x000000000000efbe     0x11e1 Middlewares/FreeRTOS/tasks.o

.debug_str      0x0000000000000000   0x10ac08
 .debug_str     0x0000000000000000    0xfdf4a Core/Src/freertos.o
                                      0xfe23c (size before relaxing)
 .debug_str     0x00000000000fdf4a     0x2ffb Core/Src/main.o
                                     0x1012ed (size before relaxing)
 .debug_str     0x0000000000100f45      0x50c Core/Src/stm32l4xx_hal_msp.o
                                      0xfb068 (size before relaxing)
 .debug_str     0x0000000000101451       0x98 Core/Src/stm32l4xx_hal_timebase_tim.o
                                      0xfafff (size before relaxing)
 .debug_str     0x00000000001014e9       0xab Core/Src/stm32l4xx_it.o
                                      0xfa90d (size before relaxing)
 .debug_str     0x0000000000101594       0xcd Core/Src/system_stm32l4xx.o
                                      0xfa5cd (size before relaxing)
 .debug_str     0x0000000000101661       0x36 Core/Startup/startup_stm32l4r5zitx.o
                                         0x6a (size before relaxing)
 .debug_str     0x0000000000101697      0x5a8 Drivers/STM32L4xx_HAL_Driver/stm32l4xx_hal.o
                                      0xfb11b (size before relaxing)
 .debug_str     0x0000000000101c3f      0x3c3 Drivers/STM32L4xx_HAL_Driver/stm32l4xx_hal_cortex.o
                                      0xfae72 (size before relaxing)
 .debug_str     0x0000000000102002      0x28c Drivers/STM32L4xx_HAL_Driver/stm32l4xx_hal_gpio.o
                                      0xfa887 (size before relaxing)
 .debug_str     0x000000000010228e      0xd7e Drivers/STM32L4xx_HAL_Driver/stm32l4xx_hal_i2c.o
                                      0xfb7f4 (size before relaxing)
 .debug_str     0x000000000010300c       0xf2 Drivers/STM32L4xx_HAL_Driver/stm32l4xx_hal_i2c_ex.o
                                      0xfac11 (size before relaxing)
 .debug_str     0x00000000001030fe      0x5c0 Drivers/STM32L4xx_HAL_Driver/stm32l4xx_hal_pwr_ex.o
                                      0xfabd5 (size before relaxing)
 .debug_str     0x00000000001036be      0x400 Drivers/STM32L4xx_HAL_Driver/stm32l4xx_hal_rcc.o
                                      0xfabf6 (size before relaxing)
 .debug_str     0x0000000000103abe      0x5d4 Drivers/STM32L4xx_HAL_Driver/stm32l4xx_hal_rcc_ex.o
                                      0xfafcf (size before relaxing)
 .debug_str     0x0000000000104092      0xdc7 Drivers/STM32L4xx_HAL_Driver/stm32l4xx_hal_tim.o
                                      0xfb75d (size before relaxing)
 .debug_str     0x0000000000104e59      0x649 Drivers/STM32L4xx_HAL_Driver/stm32l4xx_hal_tim_ex.o
                                      0xfb07e (size before relaxing)
 .debug_str     0x00000000001054a2     0x3805 Middlewares/FreeRTOS/cmsis_os.o
                                       0xe16b (size before relaxing)
 .debug_str     0x0000000000108ca7      0x3e6 Middlewares/FreeRTOS/heap_4.o
                                       0xaf90 (size before relaxing)
 .debug_str     0x000000000010908d      0x15c Middlewares/FreeRTOS/list.o
                                       0xa79d (size before relaxing)
 .debug_str     0x00000000001091e9      0x857 Middlewares/FreeRTOS/port.o
                                       0x8566 (size before relaxing)
 .debug_str     0x0000000000109a40     0x11c8 Middlewares/FreeRTOS/tasks.o
                                       0xc9be (size before relaxing)

.comment        0x0000000000000000       0x7b
 .comment       0x0000000000000000       0x7b Core/Src/freertos.o
                                         0x7c (size before relaxing)
 .comment       0x000000000000007b       0x7c Core/Src/main.o
 .comment       0x000000000000007b       0x7c Core/Src/stm32l4xx_hal_msp.o
 .comment       0x000000000000007b       0x7c Core/Src/stm32l4xx_hal_timebase_tim.o
 .comment       0x000000000000007b       0x7c Core/Src/stm32l4xx_it.o
 .comment       0x000000000000007b       0x7c Core/Src/system_stm32l4xx.o
 .comment       0x000000000000007b       0x7c Drivers/STM32L4xx_HAL_Driver/stm32l4xx_hal.o
 .comment       0x000000000000007b       0x7c Drivers/STM32L4xx_HAL_Driver/stm32l4xx_hal_cortex.o
 .comment       0x000000000000007b       0x7c Drivers/STM32L4xx_HAL_Driver/stm32l4xx_hal_gpio.o
 .comment       0x000000000000007b       0x7c Drivers/STM32L4xx_HAL_Driver/stm32l4xx_hal_i2c.o
 .comment       0x000000000000007b       0x7c Drivers/STM32L4xx_HAL_Driver/stm32l4xx_hal_i2c_ex.o
 .comment       0x000000000000007b       0x7c Drivers/STM32L4xx_HAL_Driver/stm32l4xx_hal_pwr_ex.o
 .comment       0x000000000000007b       0x7c Drivers/STM32L4xx_HAL_Driver/stm32l4xx_hal_rcc.o
 .comment       0x000000000000007b       0x7c Drivers/STM32L4xx_HAL_Driver/stm32l4xx_hal_rcc_ex.o
 .comment       0x000000000000007b       0x7c Drivers/STM32L4xx_HAL_Driver/stm32l4xx_hal_tim.o
 .comment       0x000000000000007b       0x7c Drivers/STM32L4xx_HAL_Driver/stm32l4xx_hal_tim_ex.o
 .comment       0x000000000000007b       0x7c Middlewares/FreeRTOS/cmsis_os.o
 .comment       0x000000000000007b       0x7c Middlewares/FreeRTOS/heap_4.o
 .comment       0x000000000000007b       0x7c Middlewares/FreeRTOS/list.o
 .comment       0x000000000000007b       0x7c Middlewares/FreeRTOS/port.o
 .comment       0x000000000000007b       0x7c Middlewares/FreeRTOS/tasks.o

.debug_frame    0x0000000000000000     0x5180
 .debug_frame   0x0000000000000000       0x38 Core/Src/freertos.o
 .debug_frame   0x0000000000000038       0xfc Core/Src/main.o
 .debug_frame   0x0000000000000134       0x7c Core/Src/stm32l4xx_hal_msp.o
 .debug_frame   0x00000000000001b0       0x74 Core/Src/stm32l4xx_hal_timebase_tim.o
 .debug_frame   0x0000000000000224       0xc4 Core/Src/stm32l4xx_it.o
 .debug_frame   0x00000000000002e8       0x58 Core/Src/system_stm32l4xx.o
 .debug_frame   0x0000000000000340      0x498 Drivers/STM32L4xx_HAL_Driver/stm32l4xx_hal.o
 .debug_frame   0x00000000000007d8      0x498 Drivers/STM32L4xx_HAL_Driver/stm32l4xx_hal_cortex.o
 .debug_frame   0x0000000000000c70      0x14c Drivers/STM32L4xx_HAL_Driver/stm32l4xx_hal_gpio.o
 .debug_frame   0x0000000000000dbc      0xbe8 Drivers/STM32L4xx_HAL_Driver/stm32l4xx_hal_i2c.o
 .debug_frame   0x00000000000019a4      0x100 Drivers/STM32L4xx_HAL_Driver/stm32l4xx_hal_i2c_ex.o
 .debug_frame   0x0000000000001aa4      0x5c4 Drivers/STM32L4xx_HAL_Driver/stm32l4xx_hal_pwr_ex.o
 .debug_frame   0x0000000000002068      0x220 Drivers/STM32L4xx_HAL_Driver/stm32l4xx_hal_rcc.o
 .debug_frame   0x0000000000002288      0x464 Drivers/STM32L4xx_HAL_Driver/stm32l4xx_hal_rcc_ex.o
 .debug_frame   0x00000000000026ec     0x1148 Drivers/STM32L4xx_HAL_Driver/stm32l4xx_hal_tim.o
 .debug_frame   0x0000000000003834      0x638 Drivers/STM32L4xx_HAL_Driver/stm32l4xx_hal_tim_ex.o
 .debug_frame   0x0000000000003e6c      0x80c Middlewares/FreeRTOS/cmsis_os.o
 .debug_frame   0x0000000000004678      0x108 Middlewares/FreeRTOS/heap_4.o
 .debug_frame   0x0000000000004780       0xd8 Middlewares/FreeRTOS/list.o
 .debug_frame   0x0000000000004858      0x1a8 Middlewares/FreeRTOS/port.o
 .debug_frame   0x0000000000004a00      0x734 Middlewares/FreeRTOS/tasks.o
 .debug_frame   0x0000000000005134       0x2c c:/st/stm32cubeide_1.5.1/stm32cubeide/plugins/com.st.stm32cube.ide.mcu.externaltools.gnu-tools-for-stm32.7-2018-q2-update.win32_1.5.0.202011040924/tools/bin/../lib/gcc/arm-none-eabi/7.3.1/../../../../arm-none-eabi/lib/thumb/v7e-m/fpv4-sp/hard\libc_nano.a(lib_a-init.o)
 .debug_frame   0x0000000000005160       0x20 c:/st/stm32cubeide_1.5.1/stm32cubeide/plugins/com.st.stm32cube.ide.mcu.externaltools.gnu-tools-for-stm32.7-2018-q2-update.win32_1.5.0.202011040924/tools/bin/../lib/gcc/arm-none-eabi/7.3.1/../../../../arm-none-eabi/lib/thumb/v7e-m/fpv4-sp/hard\libc_nano.a(lib_a-memset.o)
